Component: ARM Compiler 5.06 update 5 (build 528) Tool: armlink [4d35e2]

==============================================================================

Section Cross References

    button_process_task.o(i.vButtonProcessTask) refers to queue.o(i.xQueueGenericCreate) for xQueueGenericCreate
    button_process_task.o(i.vButtonProcessTask) refers to tasks.o(i.vTaskDelay) for vTaskDelay
    button_process_task.o(i.vButtonProcessTask) refers to queue.o(i.xQueueReceive) for xQueueReceive
    button_process_task.o(i.vButtonProcessTask) refers to button_operation.o(i.vButtonValueProcess) for vButtonValueProcess
    button_process_task.o(i.vButtonProcessTask) refers to button_process_task.o(.data) for qButtonProcess
    dht11_task.o(i.vDht11Task) refers to dht11_operation.o(i.vDht11Init) for vDht11Init
    dht11_task.o(i.vDht11Task) refers to cmsis_os2.o(i.osDelay) for osDelay
    dht11_task.o(i.vDht11Task) refers to dht11_operation.o(i.vDht11RefreshData) for vDht11RefreshData
    led_task.o(i.vLedTask) refers to led_operation.o(i.vLedInit) for vLedInit
    led_task.o(i.vLedTask) refers to queue.o(i.xQueueGenericCreate) for xQueueGenericCreate
    led_task.o(i.vLedTask) refers to tasks.o(i.vTaskDelay) for vTaskDelay
    led_task.o(i.vLedTask) refers to queue.o(i.xQueueReceive) for xQueueReceive
    led_task.o(i.vLedTask) refers to led_operation.o(i.vLedOperationParamUpdate) for vLedOperationParamUpdate
    led_task.o(i.vLedTask) refers to led_operation.o(i.vLedOperationExecute) for vLedOperationExecute
    led_task.o(i.vLedTask) refers to led_task.o(.data) for qLedParamSet
    loop_task.o(i.vLoopTask) refers to button_operation.o(i.vButtonInit) for vButtonInit
    loop_task.o(i.vLoopTask) refers to tasks.o(i.vTaskDelay) for vTaskDelay
    loop_task.o(i.vLoopTask) refers to button_operation.o(i.vButtonScan) for vButtonScan
    oled_task.o(i.vOledTask) refers to oled_operation.o(i.vUiInit) for vUiInit
    oled_task.o(i.vOledTask) refers to oled_operation.o(i.vOledInit) for vOledInit
    oled_task.o(i.vOledTask) refers to queue.o(i.xQueueGenericCreate) for xQueueGenericCreate
    oled_task.o(i.vOledTask) refers to tasks.o(i.vTaskDelay) for vTaskDelay
    oled_task.o(i.vOledTask) refers to queue.o(i.xQueueReceive) for xQueueReceive
    oled_task.o(i.vOledTask) refers to oled_operation.o(i.vUiClearFrame) for vUiClearFrame
    oled_task.o(i.vOledTask) refers to oled_operation.o(i.vUiSetCurrentFrame) for vUiSetCurrentFrame
    oled_task.o(i.vOledTask) refers to oled_operation.o(i.vOledRefreshCurrentFrame) for vOledRefreshCurrentFrame
    oled_task.o(i.vOledTask) refers to oled_task.o(.data) for qUiParamSet
    uart_task.o(i.vUartCmdInterpreterTask) refers to cmd_interpreter_operation.o(i.vCmdInterpreterInit) for vCmdInterpreterInit
    uart_task.o(i.vUartCmdInterpreterTask) refers to tasks.o(i.vTaskDelay) for vTaskDelay
    uart_task.o(i.vUartCmdInterpreterTask) refers to queue.o(i.xQueueReceive) for xQueueReceive
    uart_task.o(i.vUartCmdInterpreterTask) refers to cmd_interpreter_operation.o(i.vCmdInterpreterOperationExecute) for vCmdInterpreterOperationExecute
    uart_task.o(i.vUartCmdInterpreterTask) refers to uart_task.o(.data) for qUartGetCmdLineQueue
    uart_task.o(i.vUartRxTask) refers to queue.o(i.xQueueGenericCreate) for xQueueGenericCreate
    uart_task.o(i.vUartRxTask) refers to uart_operation.o(i.vUartInit) for vUartInit
    uart_task.o(i.vUartRxTask) refers to tasks.o(i.vTaskDelay) for vTaskDelay
    uart_task.o(i.vUartRxTask) refers to uart_operation.o(i.vUartGetCmdLine) for vUartGetCmdLine
    uart_task.o(i.vUartRxTask) refers to uart_task.o(.data) for qUartGetCmdLineQueue
    uart_task.o(i.vUartTxTask) refers to tasks.o(i.vTaskDelay) for vTaskDelay
    uart_task.o(i.vUartTxTask) refers to uart_operation.o(i.vUartSendAllBufferData) for vUartSendAllBufferData
    button_operation.o(i.vButtonInit) refers to button_device.o(i.emButtonDeviceInit) for emButtonDeviceInit
    button_operation.o(i.vButtonScan) refers to button_device.o(i.ulButtonGetEvents) for ulButtonGetEvents
    button_operation.o(i.vButtonScan) refers to queue.o(i.xQueueGenericSend) for xQueueGenericSend
    button_operation.o(i.vButtonScan) refers to button_operation.o(.data) for s_ulButtonValueCurrent
    button_operation.o(i.vButtonScan) refers to button_process_task.o(.data) for qButtonProcess
    button_operation.o(i.vButtonValueProcess) refers to oled_operation.o(i.vOledExecuteCurrentFrameCallback) for vOledExecuteCurrentFrameCallback
    button_operation.o(i.vButtonValueProcess) refers to button_operation.o(.data) for s_ulButtonValue
    cmd_interpreter_operation.o(i.CmdSendString) refers to stm32f1xx_hal_uart.o(i.HAL_UART_Transmit) for HAL_UART_Transmit
    cmd_interpreter_operation.o(i.CmdSendString) refers to main.o(.bss) for huart1
    cmd_interpreter_operation.o(i.vCmdInterpreterExecuteCallback_LedBlink_ParamNum2) refers to cmd_interpreter_operation.o(i.ulStringToUint32) for ulStringToUint32
[...]
    i.vLedInit                               0x080039b0   Section        0  led_operation.o(i.vLedInit)
    i.vLedOperationExecute                   0x08003bac   Section        0  led_operation.o(i.vLedOperationExecute)
    i.vLedOperationParamUpdate               0x08003bc2   Section        0  led_operation.o(i.vLedOperationParamUpdate)
    i.vLedRefreshOutputLevel                 0x08003bd0   Section        0  led_device.o(i.vLedRefreshOutputLevel)
    i.vLedSetRunningParam                    0x08003c18   Section        0  led_device.o(i.vLedSetRunningParam)
    i.vLedTask                               0x08003c8c   Section        0  led_task.o(i.vLedTask)
    i.vListInitialise                        0x08003cc8   Section        0  list.o(i.vListInitialise)
    i.vListInitialiseItem                    0x08003ce2   Section        0  list.o(i.vListInitialiseItem)
    i.vListInsert                            0x08003ce8   Section        0  list.o(i.vListInsert)
    i.vListInsertEnd                         0x08003d1c   Section        0  list.o(i.vListInsertEnd)
    i.vLoopTask                              0x08003d34   Section        0  loop_task.o(i.vLoopTask)
    i.vMainFrameInit                         0x08003d48   Section        0  ui_frame_main.o(i.vMainFrameInit)
    i.vOledCmdInit                           0x08003d68   Section        0  oled_device.o(i.vOledCmdInit)
    i.vOledDeviceInit                        0x08003e4e   Section        0  oled_device.o(i.vOledDeviceInit)
    i.vOledExecuteCurrentFrameCallback       0x08003e64   Section        0  oled_operation.o(i.vOledExecuteCurrentFrameCallback)
    i.vOledInit                              0x08003e78   Section        0  oled_operation.o(i.vOledInit)
    i.vOledRefreshCurrentFrame               0x08003e9c   Section        0  oled_operation.o(i.vOledRefreshCurrentFrame)
    i.vOledRefreshFromBuffer                 0x08003eb8   Section        0  oled_device.o(i.vOledRefreshFromBuffer)
    i.vOledTask                              0x08003f0c   Section        0  oled_task.o(i.vOledTask)
    i.vPortEnterCritical                     0x08003f50   Section        0  port.o(i.vPortEnterCritical)
    i.vPortExitCritical                      0x08003fa4   Section        0  port.o(i.vPortExitCritical)
    i.vPortFree                              0x08003fe0   Section        0  heap_4.o(i.vPortFree)
    i.vPortSetupTimerInterrupt               0x08004084   Section        0  port.o(i.vPortSetupTimerInterrupt)
    i.vPortValidateInterruptPriority         0x080040ac   Section        0  port.o(i.vPortValidateInterruptPriority)
    i.vQueueAddToRegistry                    0x08004124   Section        0  queue.o(i.vQueueAddToRegistry)
    i.vQueueWaitForMessageRestricted         0x08004150   Section        0  queue.o(i.vQueueWaitForMessageRestricted)
    i.vTaskDelay                             0x0800419c   Section        0  tasks.o(i.vTaskDelay)
    i.vTaskInternalSetTimeOutState           0x080041f8   Section        0  tasks.o(i.vTaskInternalSetTimeOutState)
    i.vTaskMissedYield                       0x08004210   Section        0  tasks.o(i.vTaskMissedYield)
    i.vTaskPlaceOnEventList                  0x0800421c   Section        0  tasks.o(i.vTaskPlaceOnEventList)
    i.vTaskPlaceOnEventListRestricted        0x08004254   Section        0  tasks.o(i.vTaskPlaceOnEventListRestricted)
    i.vTaskStartScheduler                    0x08004294   Section        0  tasks.o(i.vTaskStartScheduler)
    i.vTaskSuspendAll                        0x0800434c   Section        0  tasks.o(i.vTaskSuspendAll)
    i.vTaskSwitchContext                     0x0800435c   Section        0  tasks.o(i.vTaskSwitchContext)
    i.vUart1InterruptCallback                0x080043ec   Section        0  uart_operation.o(i.vUart1InterruptCallback)
    i.vUartCmdInterpreterTask                0x08004424   Section        0  uart_task.o(i.vUartCmdInterpreterTask)
    i.vUartGetCmdLine                        0x0800444c   Section        0  uart_operation.o(i.vUartGetCmdLine)
    i.vUartInit                              0x080044c8   Section        0  uart_operation.o(i.vUartInit)
    i.vUartRxTask                            0x08004510   Section        0  uart_task.o(i.vUartRxTask)
    i.vUartSendAllBufferData                 0x08004534   Section        0  uart_operation.o(i.vUartSendAllBufferData)
    i.vUartTxTask                            0x08004564   Section        0  uart_task.o(i.vUartTxTask)
    i.vUiAddOneWidgetToFrameAsTailWidgetNode 0x08004572   Section        0  ui_core.o(i.vUiAddOneWidgetToFrameAsTailWidgetNode)
    i.vUiClearFrame                          0x08004592   Section        0  oled_operation.o(i.vUiClearFrame)
    i.vUiFrameCallbackExecute                0x0800459e   Section        0  ui_core.o(i.vUiFrameCallbackExecute)
    i.vUiInit                                0x080045b4   Section        0  oled_operation.o(i.vUiInit)
    i.vUiMenuBoxExecuteSelectDec             0x080045f0   Section        0  ui_core.o(i.vUiMenuBoxExecuteSelectDec)
    i.vUiMenuBoxExecuteSelectInc             0x08004622   Section        0  ui_core.o(i.vUiMenuBoxExecuteSelectInc)
    i.vUiSetCurrentFrame                     0x08004660   Section        0  oled_operation.o(i.vUiSetCurrentFrame)
    i.vUpdateUiObjectToFrameBuffer           0x0800466c   Section        0  ui_core.o(i.vUpdateUiObjectToFrameBuffer)
    i.xPortStartScheduler                    0x08004680   Section        0  port.o(i.xPortStartScheduler)
    i.xPortSysTickHandler                    0x08004778   Section        0  port.o(i.xPortSysTickHandler)
    i.xQueueGenericCreate                    0x080047ac   Section        0  queue.o(i.xQueueGenericCreate)
    i.xQueueGenericCreateStatic              0x08004806   Section        0  queue.o(i.xQueueGenericCreateStatic)
    i.xQueueGenericReset                     0x080048e8   Section        0  queue.o(i.xQueueGenericReset)
    i.xQueueGenericSend                      0x08004980   Section        0  queue.o(i.xQueueGenericSend)
    i.xQueueGenericSendFromISR               0x08004b28   Section        0  queue.o(i.xQueueGenericSendFromISR)
    i.xQueueReceive                          0x08004c24   Section        0  queue.o(i.xQueueReceive)
    i.xTaskCheckForTimeOut                   0x08004d8c   Section        0  tasks.o(i.xTaskCheckForTimeOut)
    i.xTaskCreate                            0x08004e18   Section        0  tasks.o(i.xTaskCreate)
    i.xTaskCreateStatic                      0x08004e7c   Section        0  tasks.o(i.xTaskCreateStatic)
    i.xTaskGetSchedulerState                 0x08004f38   Section        0  tasks.o(i.xTaskGetSchedulerState)
    i.xTaskGetTickCount                      0x08004f58   Section        0  tasks.o(i.xTaskGetTickCount)
    i.xTaskIncrementTick                     0x08004f64   Section        0  tasks.o(i.xTaskIncrementTick)
    i.xTaskPriorityDisinherit                0x080050a8   Section        0  tasks.o(i.xTaskPriorityDisinherit)
    i.xTaskRemoveFromEventList               0x0800514c   Section        0  tasks.o(i.xTaskRemoveFromEventList)
    i.xTaskResumeAll                         0x080051e4   Section        0  tasks.o(i.xTaskResumeAll)
    i.xTimerCreateTimerTask                  0x080052e8   Section        0  timers.o(i.xTimerCreateTimerTask)
    i.xTimerGenericCommand                   0x08005360   Section        0  timers.o(i.xTimerGenericCommand)
    .constdata                               0x080053e4   Section      144  cmd_interpreter_operation.o(.constdata)
    cs_astCmdInterpreterList                 0x08005410   Data         100  cmd_interpreter_operation.o(.constdata)
    .constdata                               0x08005474   Section     6080  ui_font.o(.constdata)
    .constdata                               0x08006c34   Section      288  main.o(.constdata)
    .constdata                               0x08006d54   Section       18  stm32f1xx_hal_rcc.o(.constdata)
    aPLLMULFactorTable                       0x08006d54   Data          16  stm32f1xx_hal_rcc.o(.constdata)
    aPredivFactorTable                       0x08006d64   Data           2  stm32f1xx_hal_rcc.o(.constdata)
    .constdata                               0x08006d66   Section       24  system_stm32f1xx.o(.constdata)
    .conststring                             0x08006d80   Section       99  main.o(.conststring)
    .data                                    0x20000000   Section        4  button_process_task.o(.data)
    .data                                    0x20000004   Section        4  led_task.o(.data)
    .data                                    0x20000008   Section        4  oled_task.o(.data)
    .data                                    0x2000000c   Section        4  uart_task.o(.data)
    .data                                    0x20000010   Section        8  button_operation.o(.data)
    s_ulButtonValueCurrent                   0x20000010   Data           4  button_operation.o(.data)
    s_ulButtonValue                          0x20000014   Data           4  button_operation.o(.data)
    .data                                    0x20000018   Section        1  dht11_operation.o(.data)
    i                                        0x20000018   Data           1  dht11_operation.o(.data)
    .data                                    0x2000001c   Section        8  oled_operation.o(.data)
    s_stUiObject                             0x2000001c   Data           8  oled_operation.o(.data)
    .data                                    0x20000024   Section        1  uart_operation.o(.data)
    s_ucRTxData                              0x20000024   Data           1  uart_operation.o(.data)
    .data                                    0x20000028   Section      460  ui_frame_main.o(.data)
    s_aucMenuBoxData_SelectSign              0x20000028   Data           2  ui_frame_main.o(.data)
    s_aucMenuBoxData_LedCtrl                 0x2000002a   Data          22  ui_frame_main.o(.data)
    s_aucMenuBoxData_Dht11Show               0x20000040   Data          22  ui_frame_main.o(.data)
    s_aucMenuBoxData_Game                    0x20000056   Data          22  ui_frame_main.o(.data)
    s_aucMenuBoxData_TimeShow                0x2000006c   Data          22  ui_frame_main.o(.data)
    s_aucMenuBoxData_ButtonTest              0x20000082   Data          22  ui_frame_main.o(.data)
    s_aucMenuBoxData_About                   0x20000098   Data          22  ui_frame_main.o(.data)
    s_aucMenuBoxData_07                      0x200000ae   Data          22  ui_frame_main.o(.data)
    s_aucMenuBoxData_08                      0x200000c4   Data          22  ui_frame_main.o(.data)
    s_aucMenuBoxData_09                      0x200000da   Data          22  ui_frame_main.o(.data)
    s_aucMenuBoxData_10                      0x200000f0   Data          22  ui_frame_main.o(.data)
    s_aucMenuBoxData_11                      0x20000106   Data          22  ui_frame_main.o(.data)
    s_aucMenuBoxData_12                      0x2000011c   Data          22  ui_frame_main.o(.data)
    s_aucMenuBoxData_13                      0x20000132   Data          22  ui_frame_main.o(.data)
    s_aucMenuBoxData_14                      0x20000148   Data          22  ui_frame_main.o(.data)
    s_astMainFrameMenuBoxData                0x20000160   Data         112  ui_frame_main.o(.data)
    s_stMainFrameMenuBox                     0x200001d0   Data          24  ui_frame_main.o(.data)
    s_stMainFrameWidgetNode_MenuBox          0x200001e8   Data          12  ui_frame_main.o(.data)
    .data                                    0x200001f4   Section      130  ui_frame_led_ctrl.o(.data)
    s_aucTextBoxData_LedDevString            0x200001f4   Data           4  ui_frame_led_ctrl.o(.data)
    s_aucTextBoxData_LedDevValue             0x200001f8   Data           3  ui_frame_led_ctrl.o(.data)
    s_aucTextBoxData_LedOnString             0x200001fb   Data           3  ui_frame_led_ctrl.o(.data)
    s_aucTextBoxData_LedOffString            0x200001fe   Data           4  ui_frame_led_ctrl.o(.data)
    s_stLedCtrlFrameTextBox_LedDevString     0x20000204   Data          16  ui_frame_led_ctrl.o(.data)
    s_stLedCtrlFrameTextBox_LedDevValue      0x20000214   Data          16  ui_frame_led_ctrl.o(.data)
    s_stLedCtrlFrameTextBox_LedOnString      0x20000224   Data          16  ui_frame_led_ctrl.o(.data)
    s_stLedCtrlFrameTextBox_LedOffString     0x20000234   Data          16  ui_frame_led_ctrl.o(.data)
    s_stLedCtrlFrameWidgetNode_LedDevString  0x20000244   Data          12  ui_frame_led_ctrl.o(.data)
    s_stLedCtrlFrameWidgetNode_LedDevValue   0x20000250   Data          12  ui_frame_led_ctrl.o(.data)
    s_stLedCtrlFrameWidgetNode_LedOnString   0x2000025c   Data          12  ui_frame_led_ctrl.o(.data)
    s_stLedCtrlFrameWidgetNode_LedOffString  0x20000268   Data          12  ui_frame_led_ctrl.o(.data)
    s_ucLedDevNum                            0x20000274   Data           1  ui_frame_led_ctrl.o(.data)
    s_emStatus                               0x20000275   Data           1  ui_frame_led_ctrl.o(.data)
    .data                                    0x20000278   Section      156  ui_frame_dht11.o(.data)
    s_aucTextBoxData_TemperatureString       0x20000278   Data          13  ui_frame_dht11.o(.data)
    s_aucTextBoxData_TemperatureValue        0x20000285   Data           8  ui_frame_dht11.o(.data)
    s_aucTextBoxData_HumidityString          0x2000028d   Data          13  ui_frame_dht11.o(.data)
    s_aucTextBoxData_HumidityValue           0x2000029a   Data           8  ui_frame_dht11.o(.data)
    s_stDht11FrameTextBox_TemperatureString  0x200002a4   Data          16  ui_frame_dht11.o(.data)
    s_stDht11FrameTextBox_TemperatureValue   0x200002b4   Data          16  ui_frame_dht11.o(.data)
    s_stDht11FrameTextBox_HumidityString     0x200002c4   Data          16  ui_frame_dht11.o(.data)
    s_stDht11FrameTextBox_HumidityValue      0x200002d4   Data          16  ui_frame_dht11.o(.data)
    s_stDht11FrameWidgetNode_TemperatureString 0x200002e4   Data          12  ui_frame_dht11.o(.data)
    s_stDht11FrameWidgetNode_TemperatureValue 0x200002f0   Data          12  ui_frame_dht11.o(.data)
    s_stDht11FrameWidgetNode_HumidityString  0x200002fc   Data          12  ui_frame_dht11.o(.data)
    s_stDht11FrameWidgetNode_HumidityValue   0x20000308   Data          12  ui_frame_dht11.o(.data)
    .data                                    0x20000314   Section       32  main.o(.data)
    .data                                    0x20000334   Section        9  stm32f1xx_hal.o(.data)
    .data                                    0x20000340   Section        4  system_stm32f1xx.o(.data)
    .data                                    0x20000344   Section       60  tasks.o(.data)
    pxDelayedTaskList                        0x20000348   Data           4  tasks.o(.data)
    pxOverflowDelayedTaskList                0x2000034c   Data           4  tasks.o(.data)
    uxDeletedTasksWaitingCleanUp             0x20000350   Data           4  tasks.o(.data)
    uxCurrentNumberOfTasks                   0x20000354   Data           4  tasks.o(.data)
    xTickCount                               0x20000358   Data           4  tasks.o(.data)
    uxTopReadyPriority                       0x2000035c   Data           4  tasks.o(.data)
    xSchedulerRunning                        0x20000360   Data           4  tasks.o(.data)
    xPendedTicks                             0x20000364   Data           4  tasks.o(.data)
    xYieldPending                            0x20000368   Data           4  tasks.o(.data)
    xNumOfOverflows                          0x2000036c   Data           4  tasks.o(.data)
    uxTaskNumber                             0x20000370   Data           4  tasks.o(.data)
    xNextTaskUnblockTime                     0x20000374   Data           4  tasks.o(.data)
    xIdleTaskHandle                          0x20000378   Data           4  tasks.o(.data)
    uxSchedulerSuspended                     0x2000037c   Data           4  tasks.o(.data)
    .data                                    0x20000380   Section       20  timers.o(.data)
    pxCurrentTimerList                       0x20000380   Data           4  timers.o(.data)
    pxOverflowTimerList                      0x20000384   Data           4  timers.o(.data)
    xTimerQueue                              0x20000388   Data           4  timers.o(.data)
    xTimerTaskHandle                         0x2000038c   Data           4  timers.o(.data)
    xLastTime                                0x20000390   Data           4  timers.o(.data)
    .data                                    0x20000394   Section        4  cmsis_os2.o(.data)
    KernelState                              0x20000394   Data           4  cmsis_os2.o(.data)
    .data                                    0x20000398   Section       32  heap_4.o(.data)
    xStart                                   0x20000398   Data           8  heap_4.o(.data)
    pxEnd                                    0x200003a0   Data           4  heap_4.o(.data)
    xFreeBytesRemaining                      0x200003a4   Data           4  heap_4.o(.data)
    xMinimumEverFreeBytesRemaining           0x200003a8   Data           4  heap_4.o(.data)
    xNumberOfSuccessfulAllocations           0x200003ac   Data           4  heap_4.o(.data)
    xNumberOfSuccessfulFrees                 0x200003b0   Data           4  heap_4.o(.data)
    xBlockAllocatedBit                       0x200003b4   Data           4  heap_4.o(.data)
    .data                                    0x200003b8   Section       12  port.o(.data)
    uxCriticalNesting                        0x200003b8   Data           4  port.o(.data)
    ucMaxSysCallPriority                     0x200003bc   Data           1  port.o(.data)
    ulMaxPRIGROUPValue                       0x200003c0   Data           4  port.o(.data)
    .data                                    0x200003c4   Section        4  strtok.o(.data)
    state                                    0x200003c4   Data           4  strtok.o(.data)
    .bss                                     0x200003c8   Section       20  cmd_interpreter_operation.o(.bss)
    s_stLedParamSetBuffer                    0x200003c8   Data          20  cmd_interpreter_operation.o(.bss)
    .bss                                     0x200003dc   Section      164  dht11_operation.o(.bss)
    s_stRunningParam                         0x200003dc   Data         164  dht11_operation.o(.bss)
    .bss                                     0x20000480   Section       12  oled_operation.o(.bss)
    s_apstFrame                              0x20000480   Data          12  oled_operation.o(.bss)
    .bss                                     0x2000048c   Section      250  uart_operation.o(.bss)
    s_aucTxByteBuffer                        0x2000048c   Data         100  uart_operation.o(.bss)
    s_aucRxByteBuffer                        0x200004f0   Data         100  uart_operation.o(.bss)
    s_ucCmdLineBuffer                        0x20000554   Data          50  uart_operation.o(.bss)
    .bss                                     0x20000588   Section       80  button_device.o(.bss)
    s_astButtonDevice                        0x20000588   Data          80  button_device.o(.bss)
    .bss                                     0x200005d8   Section       12  cmd_interpreter_device.o(.bss)
    .bss                                     0x200005e4   Section       12  dht11_device.o(.bss)
    s_stDht11Device                          0x200005e4   Data          12  dht11_device.o(.bss)
    .bss                                     0x200005f0   Section      216  led_device.o(.bss)
    s_astLedDevice                           0x200005f0   Data         216  led_device.o(.bss)
    .bss                                     0x200006c8   Section       20  oled_device.o(.bss)
    s_astOledDeviceParam                     0x200006c8   Data          20  oled_device.o(.bss)
    .bss                                     0x200006dc   Section       48  ring_buffer_device.o(.bss)
    .bss                                     0x2000070c   Section       12  ui_frame_main.o(.bss)
    s_stMainFrame                            0x2000070c   Data          12  ui_frame_main.o(.bss)
    .bss                                     0x20000718   Section       32  ui_frame_led_ctrl.o(.bss)
    s_stLedParamSetBuffer                    0x20000718   Data          20  ui_frame_led_ctrl.o(.bss)
    s_stLedCtrlFrame                         0x2000072c   Data          12  ui_frame_led_ctrl.o(.bss)
    .bss                                     0x20000738   Section       12  ui_frame_dht11.o(.bss)
    s_stDht11Frame                           0x20000738   Data          12  ui_frame_dht11.o(.bss)
    .bss                                     0x20000744   Section     1024  ui_core.o(.bss)
    s_aucUiOneFrameBuffer                    0x20000744   Data        1024  ui_core.o(.bss)
    .bss                                     0x20000b44   Section       72  main.o(.bss)
    .bss                                     0x20000b8c   Section       64  queue.o(.bss)
    .bss                                     0x20000bcc   Section     1220  tasks.o(.bss)
    pxReadyTasksLists                        0x20000bcc   Data        1120  tasks.o(.bss)
    xDelayedTaskList1                        0x2000102c   Data          20  tasks.o(.bss)
    xDelayedTaskList2                        0x20001040   Data          20  tasks.o(.bss)
    xPendingReadyList                        0x20001054   Data          20  tasks.o(.bss)
    xTasksWaitingTermination                 0x20001068   Data          20  tasks.o(.bss)
    xSuspendedTaskList                       0x2000107c   Data          20  tasks.o(.bss)
    .bss                                     0x20001090   Section      280  timers.o(.bss)
    xActiveTimerList1                        0x20001090   Data          20  timers.o(.bss)
    xActiveTimerList2                        0x200010a4   Data          20  timers.o(.bss)
    xStaticTimerQueue                        0x200010b8   Data          80  timers.o(.bss)
    ucStaticTimerQueueStorage                0x20001108   Data         160  timers.o(.bss)
    .bss                                     0x200011a8   Section      952  cmsis_os2.o(.bss)
    Idle_TCB                                 0x200011a8   Data          92  cmsis_os2.o(.bss)
    Idle_Stack                               0x20001204   Data         256  cmsis_os2.o(.bss)
    Timer_TCB                                0x20001304   Data          92  cmsis_os2.o(.bss)
    Timer_Stack                              0x20001360   Data         512  cmsis_os2.o(.bss)
    .bss                                     0x20001560   Section     4096  heap_4.o(.bss)
    ucHeap                                   0x20001560   Data        4096  heap_4.o(.bss)
    STACK                                    0x20002560   Section     1024  startup_stm32f103xb.o(STACK)

    Global Symbols

    Symbol Name                              Value     Ov Type        Size  Object(Section)

    BuildAttributes$$THM_ISAv4$P$D$K$B$S$PE$A:L22UL41UL21$X:L11$S22US41US21$IEEE1$IW$USESV6$~STKCKD$USESV7$~SHL$OSPACE$EBA8$MICROLIB$REQ8$PRES8$EABIv2 0x00000000   Number         0  anon$$obj.o ABSOLUTE
    __ARM_use_no_argv                        0x00000000   Number         0  main.o ABSOLUTE
    __cpp_initialize__aeabi_                  - Undefined Weak Reference
    __cxa_finalize                            - Undefined Weak Reference
    _clock_init                               - Undefined Weak Reference
    _microlib_exit                            - Undefined Weak Reference
    __Vectors_Size                           0x000000ec   Number         0  startup_stm32f103xb.o ABSOLUTE
    __Vectors                                0x08000000   Data           4  startup_stm32f103xb.o(RESET)
    __Vectors_End                            0x080000ec   Data           0  startup_stm32f103xb.o(RESET)
    __main                                   0x080000ed   Thumb Code     0  entry.o(.ARM.Collect$$$$00000000)
    _main_stk                                0x080000ed   Thumb Code     0  entry2.o(.ARM.Collect$$$$00000001)
    _main_scatterload                        0x080000f1   Thumb Code     0  entry5.o(.ARM.Collect$$$$00000004)
    __main_after_scatterload                 0x080000f5   Thumb Code     0  entry5.o(.ARM.Collect$$$$00000004)
    _main_clock                              0x080000f5   Thumb Code     0  entry7b.o(.ARM.Collect$$$$00000008)
    _main_cpp_init                           0x080000f5   Thumb Code     0  entry8b.o(.ARM.Collect$$$$0000000A)
    _main_init                               0x080000f5   Thumb Code     0  entry9a.o(.ARM.Collect$$$$0000000B)
    __rt_final_cpp                           0x080000fd   Thumb Code     0  entry10a.o(.ARM.Collect$$$$0000000D)
    __rt_final_exit                          0x080000fd   Thumb Code     0  entry11a.o(.ARM.Collect$$$$0000000F)
    SVC_Handler                              0x08000101   Thumb Code    32  port.o(.emb_text)
    __asm___6_port_c_39a90d8d__prvStartFirstTask 0x08000125   Thumb Code    28  port.o(.emb_text)
    PendSV_Handler                           0x08000145   Thumb Code    72  port.o(.emb_text)
    vPortGetIPSR                             0x08000191   Thumb Code     6  port.o(.emb_text)
    Reset_Handler                            0x08000199   Thumb Code     8  startup_stm32f103xb.o(.text)
    ADC1_2_IRQHandler                        0x080001b3   Thumb Code     0  startup_stm32f103xb.o(.text)
    CAN1_RX1_IRQHandler                      0x080001b3   Thumb Code     0  startup_stm32f103xb.o(.text)
    CAN1_SCE_IRQHandler                      0x080001b3   Thumb Code     0  startup_stm32f103xb.o(.text)
    DMA1_Channel1_IRQHandler                 0x080001b3   Thumb Code     0  startup_stm32f103xb.o(.text)
    DMA1_Channel2_IRQHandler                 0x080001b3   Thumb Code     0  startup_stm32f103xb.o(.text)
    DMA1_Channel3_IRQHandler                 0x080001b3   Thumb Code     0  startup_stm32f103xb.o(.text)
    DMA1_Channel4_IRQHandler                 0x080001b3   Thumb Code     0  startup_stm32f103xb.o(.text)
    DMA1_Channel5_IRQHandler                 0x080001b3   Thumb Code     0  startup_stm32f103xb.o(.text)
    DMA1_Channel6_IRQHandler                 0x080001b3   Thumb Code     0  startup_stm32f103xb.o(.text)
    DMA1_Channel7_IRQHandler                 0x080001b3   Thumb Code     0  startup_stm32f103xb.o(.text)
    EXTI0_IRQHandler                         0x080001b3   Thumb Code     0  startup_stm32f103xb.o(.text)
    EXTI15_10_IRQHandler                     0x080001b3   Thumb Code     0  startup_stm32f103xb.o(.text)
    EXTI1_IRQHandler                         0x080001b3   Thumb Code     0  startup_stm32f103xb.o(.text)
    EXTI2_IRQHandler                         0x080001b3   Thumb Code     0  startup_stm32f103xb.o(.text)
    EXTI3_IRQHandler                         0x080001b3   Thumb Code     0  startup_stm32f103xb.o(.text)
    EXTI4_IRQHandler                         0x080001b3   Thumb Code     0  startup_stm32f103xb.o(.text)
    EXTI9_5_IRQHandler                       0x080001b3   Thumb Code     0  startup_stm32f103xb.o(.text)
    FLASH_IRQHandler                         0x080001b3   Thumb Code     0  startup_stm32f103xb.o(.text)
    I2C1_ER_IRQHandler                       0x080001b3   Thumb Code     0  startup_stm32f103xb.o(.text)
    I2C1_EV_IRQHandler                       0x080001b3   Thumb Code     0  startup_stm32f103xb.o(.text)
    I2C2_ER_IRQHandler                       0x080001b3   Thumb Code     0  startup_stm32f103xb.o(.text)
    I2C2_EV_IRQHandler                       0x080001b3   Thumb Code     0  startup_stm32f103xb.o(.text)
    PVD_IRQHandler                           0x080001b3   Thumb Code     0  startup_stm32f103xb.o(.text)
    RCC_IRQHandler                           0x080001b3   Thumb Code     0  startup_stm32f103xb.o(.text)
    RTC_Alarm_IRQHandler                     0x080001b3   Thumb Code     0  startup_stm32f103xb.o(.text)
    RTC_IRQHandler                           0x080001b3   Thumb Code     0  startup_stm32f103xb.o(.text)
    SPI1_IRQHandler                          0x080001b3   Thumb Code     0  startup_stm32f103xb.o(.text)
    SPI2_IRQHandler                          0x080001b3   Thumb Code     0  startup_stm32f103xb.o(.text)
    TAMPER_IRQHandler                        0x080001b3   Thumb Code     0  startup_stm32f103xb.o(.text)
    TIM1_BRK_IRQHandler                      0x080001b3   Thumb Code     0  startup_stm32f103xb.o(.text)
    TIM1_CC_IRQHandler                       0x080001b3   Thumb Code     0  startup_stm32f103xb.o(.text)
    TIM1_TRG_COM_IRQHandler                  0x080001b3   Thumb Code     0  startup_stm32f103xb.o(.text)
    TIM1_UP_IRQHandler                       0x080001b3   Thumb Code     0  startup_stm32f103xb.o(.text)
    TIM2_IRQHandler                          0x080001b3   Thumb Code     0  startup_stm32f103xb.o(.text)
    TIM3_IRQHandler                          0x080001b3   Thumb Code     0  startup_stm32f103xb.o(.text)
    TIM4_IRQHandler                          0x080001b3   Thumb Code     0  startup_stm32f103xb.o(.text)
    USART2_IRQHandler                        0x080001b3   Thumb Code     0  startup_stm32f103xb.o(.text)
    USART3_IRQHandler                        0x080001b3   Thumb Code     0  startup_stm32f103xb.o(.text)
    USBWakeUp_IRQHandler                     0x080001b3   Thumb Code     0  startup_stm32f103xb.o(.text)
    USB_HP_CAN1_TX_IRQHandler                0x080001b3   Thumb Code     0  startup_stm32f103xb.o(.text)
    USB_LP_CAN1_RX0_IRQHandler               0x080001b3   Thumb Code     0  startup_stm32f103xb.o(.text)
    WWDG_IRQHandler                          0x080001b3   Thumb Code     0  startup_stm32f103xb.o(.text)
    __aeabi_memcpy                           0x080001bd   Thumb Code    36  memcpya.o(.text)
    __aeabi_memcpy4                          0x080001bd   Thumb Code     0  memcpya.o(.text)
    __aeabi_memcpy8                          0x080001bd   Thumb Code     0  memcpya.o(.text)
    __aeabi_memset                           0x080001e1   Thumb Code    14  memseta.o(.text)
    __aeabi_memset4                          0x080001e1   Thumb Code     0  memseta.o(.text)
    __aeabi_memset8                          0x080001e1   Thumb Code     0  memseta.o(.text)
    __aeabi_memclr                           0x080001ef   Thumb Code     4  memseta.o(.text)
    __aeabi_memclr4                          0x080001ef   Thumb Code     0  memseta.o(.text)
    __aeabi_memclr8                          0x080001ef   Thumb Code     0  memseta.o(.text)
    memset                                   0x080001f3   Thumb Code    18  memseta.o(.text)
    strcmp                                   0x08000205   Thumb Code    28  strcmp.o(.text)
    strtok                                   0x08000221   Thumb Code    62  strtok.o(.text)
    __scatterload                            0x08000265   Thumb Code    28  init.o(.text)
    __scatterload_rt2                        0x08000265   Thumb Code     0  init.o(.text)
    __decompress                             0x08000289   Thumb Code     0  __dczerorl2.o(.text)
    __decompress1                            0x08000289   Thumb Code    86  __dczerorl2.o(.text)
    BusFault_Handler                         0x080002df   Thumb Code     4  stm32f1xx_it.o(i.BusFault_Handler)
    CmdSendString                            0x080002e5   Thumb Code    18  cmd_interpreter_operation.o(i.CmdSendString)
    DebugMon_Handler                         0x080002fd   Thumb Code     2  stm32f1xx_it.o(i.DebugMon_Handler)
    Error_Handler                            0x080002ff   Thumb Code     6  main.o(i.Error_Handler)
    HAL_GPIO_Init                            0x08000305   Thumb Code   766  stm32f1xx_hal_gpio.o(i.HAL_GPIO_Init)
    HAL_GPIO_ReadPin                         0x08000625   Thumb Code    16  stm32f1xx_hal_gpio.o(i.HAL_GPIO_ReadPin)
    HAL_GPIO_WritePin                        0x08000635   Thumb Code    12  stm32f1xx_hal_gpio.o(i.HAL_GPIO_WritePin)
    HAL_GetTick                              0x08000641   Thumb Code     6  stm32f1xx_hal.o(i.HAL_GetTick)
    HAL_IncTick                              0x0800064d   Thumb Code    16  stm32f1xx_hal.o(i.HAL_IncTick)
    HAL_Init                                 0x08000665   Thumb Code    34  stm32f1xx_hal.o(i.HAL_Init)
    HAL_InitTick                             0x0800068d   Thumb Code    64  stm32f1xx_hal.o(i.HAL_InitTick)
    HAL_MspInit                              0x080006d9   Thumb Code    86  stm32f1xx_hal_msp.o(i.HAL_MspInit)
    HAL_NVIC_EnableIRQ                       0x08000739   Thumb Code    32  stm32f1xx_hal_cortex.o(i.HAL_NVIC_EnableIRQ)
    HAL_NVIC_SetPriority                     0x08000759   Thumb Code   124  stm32f1xx_hal_cortex.o(i.HAL_NVIC_SetPriority)
    HAL_NVIC_SetPriorityGrouping             0x080007d5   Thumb Code    32  stm32f1xx_hal_cortex.o(i.HAL_NVIC_SetPriorityGrouping)
    HAL_RCC_ClockConfig                      0x080007fd   Thumb Code   376  stm32f1xx_hal_rcc.o(i.HAL_RCC_ClockConfig)
    HAL_RCC_GetHCLKFreq                      0x08000989   Thumb Code     6  stm32f1xx_hal_rcc.o(i.HAL_RCC_GetHCLKFreq)
    HAL_RCC_GetPCLK1Freq                     0x08000995   Thumb Code    22  stm32f1xx_hal_rcc.o(i.HAL_RCC_GetPCLK1Freq)
    HAL_RCC_GetPCLK2Freq                     0x080009b5   Thumb Code    22  stm32f1xx_hal_rcc.o(i.HAL_RCC_GetPCLK2Freq)
    HAL_RCC_GetSysClockFreq                  0x080009d5   Thumb Code    92  stm32f1xx_hal_rcc.o(i.HAL_RCC_GetSysClockFreq)
    HAL_RCC_OscConfig                        0x08000a45   Thumb Code  1114  stm32f1xx_hal_rcc.o(i.HAL_RCC_OscConfig)
    HAL_SYSTICK_Config                       0x08000ea9   Thumb Code    52  stm32f1xx_hal_cortex.o(i.HAL_SYSTICK_Config)
    HAL_UART_Init                            0x08000edd   Thumb Code   118  stm32f1xx_hal_uart.o(i.HAL_UART_Init)
    HAL_UART_MspInit                         0x08000f55   Thumb Code   138  stm32f1xx_hal_msp.o(i.HAL_UART_MspInit)
    HAL_UART_Transmit                        0x08000fed   Thumb Code   190  stm32f1xx_hal_uart.o(i.HAL_UART_Transmit)
    HardFault_Handler                        0x080010ab   Thumb Code     4  stm32f1xx_it.o(i.HardFault_Handler)
    MemManage_Handler                        0x08001225   Thumb Code     4  stm32f1xx_it.o(i.MemManage_Handler)
    NMI_Handler                              0x08001229   Thumb Code     4  stm32f1xx_it.o(i.NMI_Handler)
    SysTick_Handler                          0x08001255   Thumb Code    20  stm32f1xx_it.o(i.SysTick_Handler)
    SystemClock_Config                       0x08001269   Thumb Code   102  main.o(i.SystemClock_Config)
    SystemInit                               0x080012cf   Thumb Code     2  system_stm32f1xx.o(i.SystemInit)
    USART1_IRQHandler                        0x080014c5   Thumb Code     8  stm32f1xx_it.o(i.USART1_IRQHandler)
    UsageFault_Handler                       0x080014cd   Thumb Code     4  stm32f1xx_it.o(i.UsageFault_Handler)
    __scatterload_copy                       0x0800150f   Thumb Code    14  handlers.o(i.__scatterload_copy)
    __scatterload_null                       0x0800151d   Thumb Code     2  handlers.o(i.__scatterload_null)
    __scatterload_zeroinit                   0x0800151f   Thumb Code    14  handlers.o(i.__scatterload_zeroinit)
    c_pstDht11GetRunningParam                0x0800152d   Thumb Code    16  dht11_device.o(i.c_pstDht11GetRunningParam)
    c_pstGetLedRunningParam                  0x08001541   Thumb Code    16  led_device.o(i.c_pstGetLedRunningParam)
    c_pstRingBufferGetRunningParam           0x08001555   Thumb Code    16  ring_buffer_device.o(i.c_pstRingBufferGetRunningParam)
    c_pstRingBufferGetStaticParam            0x08001569   Thumb Code    14  ring_buffer_device.o(i.c_pstRingBufferGetStaticParam)
    c_pucUiGetFrameBuffer                    0x0800157d   Thumb Code     4  ui_core.o(i.c_pucUiGetFrameBuffer)
    emButtonDeviceInit                       0x08001585   Thumb Code    74  button_device.o(i.emButtonDeviceInit)
    emButtonGetEvent                         0x080015d5   Thumb Code    40  button_device.o(i.emButtonGetEvent)
    emCmdInterpreterDevInit                  0x08001601   Thumb Code    18  cmd_interpreter_device.o(i.emCmdInterpreterDevInit)
    emCmdInterpreterExecute                  0x08001615   Thumb Code   240  cmd_interpreter_device.o(i.emCmdInterpreterExecute)
    emDht11DevInit                           0x0800170d   Thumb Code    18  dht11_device.o(i.emDht11DevInit)
    emLedDeviceInit                          0x0800171f   Thumb Code    18  led_device.o(i.emLedDeviceInit)
    emRingBufferDevInit                      0x08001731   Thumb Code    40  ring_buffer_device.o(i.emRingBufferDevInit)
    emRingBufferReadSingleElement            0x08001759   Thumb Code   190  ring_buffer_device.o(i.emRingBufferReadSingleElement)
    emRingBufferWriteSingleElement           0x0800181d   Thumb Code   192  ring_buffer_device.o(i.emRingBufferWriteSingleElement)
    main                                     0x080018e1   Thumb Code   140  main.o(i.main)
    osDelay                                  0x080019cd   Thumb Code    30  cmsis_os2.o(i.osDelay)
    osKernelInitialize                       0x080019ed   Thumb Code    38  cmsis_os2.o(i.osKernelInitialize)
    osKernelStart                            0x08001a19   Thumb Code    82  cmsis_os2.o(i.osKernelStart)
    osThreadNew                              0x08001a79   Thumb Code   184  cmsis_os2.o(i.osThreadNew)
    pstGetDht11Frame                         0x08002555   Thumb Code     4  ui_frame_dht11.o(i.pstGetDht11Frame)
    pstGetLedCtrlFrame                       0x0800255d   Thumb Code     4  ui_frame_led_ctrl.o(i.pstGetLedCtrlFrame)
    pstGetMainFrame                          0x08002565   Thumb Code     4  ui_frame_main.o(i.pstGetMainFrame)
    pvPortMalloc                             0x0800256d   Thumb Code   306  heap_4.o(i.pvPortMalloc)
    pxPortInitialiseStack                    0x080026b9   Thumb Code    30  port.o(i.pxPortInitialiseStack)
    sGetAverageWithoutMaxAndMin              0x080026dd   Thumb Code   128  dht11_operation.o(i.sGetAverageWithoutMaxAndMin)
    ucDht11ReadBit                           0x08002f29   Thumb Code   134  dht11_device.o(i.ucDht11ReadBit)
    ucDht11ReadData                          0x08002fb5   Thumb Code   210  dht11_device.o(i.ucDht11ReadData)
    ucDht11WaitForAck                        0x0800308d   Thumb Code   176  dht11_device.o(i.ucDht11WaitForAck)
    ulButtonGetEvents                        0x08003141   Thumb Code    56  button_device.o(i.ulButtonGetEvents)
    ulStringToUint32                         0x08003179   Thumb Code    34  cmd_interpreter_operation.o(i.ulStringToUint32)
    uxListRemove                             0x0800319b   Thumb Code    40  list.o(i.uxListRemove)
    vApplicationGetIdleTaskMemory            0x080031c5   Thumb Code    14  cmsis_os2.o(i.vApplicationGetIdleTaskMemory)
    vApplicationGetTimerTaskMemory           0x080031dd   Thumb Code    14  cmsis_os2.o(i.vApplicationGetTimerTaskMemory)
    vButtonInit                              0x080031f5   Thumb Code   128  button_operation.o(i.vButtonInit)
    vButtonProcessTask                       0x0800327d   Thumb Code    62  button_process_task.o(i.vButtonProcessTask)
    vButtonRefreshStatus                     0x080032c1   Thumb Code   114  button_device.o(i.vButtonRefreshStatus)
    vButtonScan                              0x08003339   Thumb Code    28  button_operation.o(i.vButtonScan)
    vButtonValueProcess                      0x0800335d   Thumb Code    14  button_operation.o(i.vButtonValueProcess)
    vClearFrameBuffer                        0x08003371   Thumb Code    26  ui_core.o(i.vClearFrameBuffer)
    vCmdInterpreterExecuteCallback_LedBlink_ParamNum2 0x08003391   Thumb Code    82  cmd_interpreter_operation.o(i.vCmdInterpreterExecuteCallback_LedBlink_ParamNum2)
    vCmdInterpreterExecuteCallback_LedBlink_ParamNum3 0x080033f5   Thumb Code    82  cmd_interpreter_operation.o(i.vCmdInterpreterExecuteCallback_LedBlink_ParamNum3)
    vCmdInterpreterExecuteCallback_LedOff    0x08003459   Thumb Code    62  cmd_interpreter_operation.o(i.vCmdInterpreterExecuteCallback_LedOff)
    vCmdInterpreterExecuteCallback_LedOn     0x080034a9   Thumb Code    62  cmd_interpreter_operation.o(i.vCmdInterpreterExecuteCallback_LedOn)
    vCmdInterpreterExecuteCallback_LedToggle 0x080034f9   Thumb Code    84  cmd_interpreter_operation.o(i.vCmdInterpreterExecuteCallback_LedToggle)
    vCmdInterpreterInit                      0x0800355d   Thumb Code    20  cmd_interpreter_operation.o(i.vCmdInterpreterInit)
    vCmdInterpreterOperationExecute          0x08003575   Thumb Code    14  cmd_interpreter_operation.o(i.vCmdInterpreterOperationExecute)
    vDht11FrameInit                          0x08003585   Thumb Code    42  ui_frame_dht11.o(i.vDht11FrameInit)
    vDht11FrameUpdateHumidityValue           0x080035c9   Thumb Code    96  ui_frame_dht11.o(i.vDht11FrameUpdateHumidityValue)
    vDht11FrameUpdateTemperatureValue        0x0800362d   Thumb Code    96  ui_frame_dht11.o(i.vDht11FrameUpdateTemperatureValue)
    vDht11Init                               0x08003691   Thumb Code    20  dht11_operation.o(i.vDht11Init)
    vDht11RefreshData                        0x080036a9   Thumb Code   174  dht11_operation.o(i.vDht11RefreshData)
    vDht11SetPinDirInput                     0x08003761   Thumb Code    46  dht11_device.o(i.vDht11SetPinDirInput)
    vDht11SetPinDirOutput                    0x08003795   Thumb Code    44  dht11_device.o(i.vDht11SetPinDirOutput)
    vDht11Start                              0x080037c5   Thumb Code    36  dht11_device.o(i.vDht11Start)
    vDht11Task                               0x080037e9   Thumb Code    18  dht11_task.o(i.vDht11Task)
    vDht11WritePinHigh                       0x080037fd   Thumb Code    34  dht11_device.o(i.vDht11WritePinHigh)
    vDht11WritePinLow                        0x08003825   Thumb Code    34  dht11_device.o(i.vDht11WritePinLow)
    vLedCtrlFrameInit                        0x0800384d   Thumb Code    42  ui_frame_led_ctrl.o(i.vLedCtrlFrameInit)
    vLedCtrlRequestLedOff                    0x08003891   Thumb Code    46  ui_frame_led_ctrl.o(i.vLedCtrlRequestLedOff)
    vLedCtrlRequestLedOn                     0x080038c9   Thumb Code    46  ui_frame_led_ctrl.o(i.vLedCtrlRequestLedOn)
    vLedExecute                              0x08003901   Thumb Code   172  led_device.o(i.vLedExecute)
    vLedInit                                 0x080039b1   Thumb Code   494  led_operation.o(i.vLedInit)
    vLedOperationExecute                     0x08003bad   Thumb Code    22  led_operation.o(i.vLedOperationExecute)
    vLedOperationParamUpdate                 0x08003bc3   Thumb Code    14  led_operation.o(i.vLedOperationParamUpdate)
    vLedRefreshOutputLevel                   0x08003bd1   Thumb Code    68  led_device.o(i.vLedRefreshOutputLevel)
    vLedSetRunningParam                      0x08003c19   Thumb Code   112  led_device.o(i.vLedSetRunningParam)
    vLedTask                                 0x08003c8d   Thumb Code    54  led_task.o(i.vLedTask)
    vListInitialise                          0x08003cc9   Thumb Code    26  list.o(i.vListInitialise)
    vListInitialiseItem                      0x08003ce3   Thumb Code     6  list.o(i.vListInitialiseItem)
    vListInsert                              0x08003ce9   Thumb Code    52  list.o(i.vListInsert)
    vListInsertEnd                           0x08003d1d   Thumb Code    24  list.o(i.vListInsertEnd)
    vLoopTask                                0x08003d35   Thumb Code    18  loop_task.o(i.vLoopTask)
    vMainFrameInit                           0x08003d49   Thumb Code    18  ui_frame_main.o(i.vMainFrameInit)
    vOledCmdInit                             0x08003d69   Thumb Code   230  oled_device.o(i.vOledCmdInit)
    vOledDeviceInit                          0x08003e4f   Thumb Code    22  oled_device.o(i.vOledDeviceInit)
    vOledExecuteCurrentFrameCallback         0x08003e65   Thumb Code    14  oled_operation.o(i.vOledExecuteCurrentFrameCallback)
    vOledInit                                0x08003e79   Thumb Code    32  oled_operation.o(i.vOledInit)
    vOledRefreshCurrentFrame                 0x08003e9d   Thumb Code    22  oled_operation.o(i.vOledRefreshCurrentFrame)
    vOledRefreshFromBuffer                   0x08003eb9   Thumb Code    84  oled_device.o(i.vOledRefreshFromBuffer)
    vOledTask                                0x08003f0d   Thumb Code    64  oled_task.o(i.vOledTask)
    vPortEnterCritical                       0x08003f51   Thumb Code    76  port.o(i.vPortEnterCritical)
    vPortExitCritical                        0x08003fa5   Thumb Code    56  port.o(i.vPortExitCritical)
    vPortFree                                0x08003fe1   Thumb Code   150  heap_4.o(i.vPortFree)
    vPortSetupTimerInterrupt                 0x08004085   Thumb Code    36  port.o(i.vPortSetupTimerInterrupt)
    vPortValidateInterruptPriority           0x080040ad   Thumb Code   106  port.o(i.vPortValidateInterruptPriority)
    vQueueAddToRegistry                      0x08004125   Thumb Code    38  queue.o(i.vQueueAddToRegistry)
    vQueueWaitForMessageRestricted           0x08004151   Thumb Code    74  queue.o(i.vQueueWaitForMessageRestricted)
    vTaskDelay                               0x0800419d   Thumb Code    82  tasks.o(i.vTaskDelay)
    vTaskInternalSetTimeOutState             0x080041f9   Thumb Code    14  tasks.o(i.vTaskInternalSetTimeOutState)
    vTaskMissedYield                         0x08004211   Thumb Code     8  tasks.o(i.vTaskMissedYield)
    vTaskPlaceOnEventList                    0x0800421d   Thumb Code    52  tasks.o(i.vTaskPlaceOnEventList)
    vTaskPlaceOnEventListRestricted          0x08004255   Thumb Code    60  tasks.o(i.vTaskPlaceOnEventListRestricted)
    vTaskStartScheduler                      0x08004295   Thumb Code   156  tasks.o(i.vTaskStartScheduler)
    vTaskSuspendAll                          0x0800434d   Thumb Code    12  tasks.o(i.vTaskSuspendAll)
    vTaskSwitchContext                       0x0800435d   Thumb Code   122  tasks.o(i.vTaskSwitchContext)
    vUart1InterruptCallback                  0x080043ed   Thumb Code    46  uart_operation.o(i.vUart1InterruptCallback)
    vUartCmdInterpreterTask                  0x08004425   Thumb Code    36  uart_task.o(i.vUartCmdInterpreterTask)
    vUartGetCmdLine                          0x0800444d   Thumb Code   116  uart_operation.o(i.vUartGetCmdLine)
    vUartInit                                0x080044c9   Thumb Code    60  uart_operation.o(i.vUartInit)
    vUartRxTask                              0x08004511   Thumb Code    32  uart_task.o(i.vUartRxTask)
    vUartSendAllBufferData                   0x08004535   Thumb Code    42  uart_operation.o(i.vUartSendAllBufferData)
    vUartTxTask                              0x08004565   Thumb Code    14  uart_task.o(i.vUartTxTask)
    vUiAddOneWidgetToFrameAsTailWidgetNode   0x08004573   Thumb Code    32  ui_core.o(i.vUiAddOneWidgetToFrameAsTailWidgetNode)
    vUiClearFrame                            0x08004593   Thumb Code    12  oled_operation.o(i.vUiClearFrame)
    vUiFrameCallbackExecute                  0x0800459f   Thumb Code    22  ui_core.o(i.vUiFrameCallbackExecute)
    vUiInit                                  0x080045b5   Thumb Code    50  oled_operation.o(i.vUiInit)
    vUiMenuBoxExecuteSelectDec               0x080045f1   Thumb Code    50  ui_core.o(i.vUiMenuBoxExecuteSelectDec)
    vUiMenuBoxExecuteSelectInc               0x08004623   Thumb Code    62  ui_core.o(i.vUiMenuBoxExecuteSelectInc)
    vUiSetCurrentFrame                       0x08004661   Thumb Code     6  oled_operation.o(i.vUiSetCurrentFrame)
    vUpdateUiObjectToFrameBuffer             0x0800466d   Thumb Code    18  ui_core.o(i.vUpdateUiObjectToFrameBuffer)
    xPortStartScheduler                      0x08004681   Thumb Code   228  port.o(i.xPortStartScheduler)
    xPortSysTickHandler                      0x08004779   Thumb Code    46  port.o(i.xPortSysTickHandler)
    xQueueGenericCreate                      0x080047ad   Thumb Code    90  queue.o(i.xQueueGenericCreate)
    xQueueGenericCreateStatic                0x08004807   Thumb Code   224  queue.o(i.xQueueGenericCreateStatic)
    xQueueGenericReset                       0x080048e9   Thumb Code   146  queue.o(i.xQueueGenericReset)
    xQueueGenericSend                        0x08004981   Thumb Code   420  queue.o(i.xQueueGenericSend)
    xQueueGenericSendFromISR                 0x08004b29   Thumb Code   252  queue.o(i.xQueueGenericSendFromISR)
    xQueueReceive                            0x08004c25   Thumb Code   356  queue.o(i.xQueueReceive)
    xTaskCheckForTimeOut                     0x08004d8d   Thumb Code   132  tasks.o(i.xTaskCheckForTimeOut)
    xTaskCreate                              0x08004e19   Thumb Code   100  tasks.o(i.xTaskCreate)
    xTaskCreateStatic                        0x08004e7d   Thumb Code   186  tasks.o(i.xTaskCreateStatic)
    xTaskGetSchedulerState                   0x08004f39   Thumb Code    24  tasks.o(i.xTaskGetSchedulerState)
    xTaskGetTickCount                        0x08004f59   Thumb Code     6  tasks.o(i.xTaskGetTickCount)
    xTaskIncrementTick                       0x08004f65   Thumb Code   280  tasks.o(i.xTaskIncrementTick)
    xTaskPriorityDisinherit                  0x080050a9   Thumb Code   152  tasks.o(i.xTaskPriorityDisinherit)
    xTaskRemoveFromEventList                 0x0800514d   Thumb Code   126  tasks.o(i.xTaskRemoveFromEventList)
    xTaskResumeAll                           0x080051e5   Thumb Code   222  tasks.o(i.xTaskResumeAll)
    xTimerCreateTimerTask                    0x080052e9   Thumb Code   100  timers.o(i.xTimerCreateTimerTask)
    xTimerGenericCommand                     0x08005361   Thumb Code   128  timers.o(i.xTimerGenericCommand)
    c_aucStringObject_Led                    0x080053e4   Data           4  cmd_interpreter_operation.o(.constdata)
    c_aucStringCmd_On                        0x080053e8   Data           3  cmd_interpreter_operation.o(.constdata)
    c_aucStringCmd_Off                       0x080053eb   Data           4  cmd_interpreter_operation.o(.constdata)
    c_aucStringCmd_Toggle                    0x080053ef   Data           7  cmd_interpreter_operation.o(.constdata)
    c_aucStringCmd_Blink                     0x080053f6   Data           6  cmd_interpreter_operation.o(.constdata)
    c_aucStringParam_Led                     0x080053fc   Data          20  cmd_interpreter_operation.o(.constdata)
    c_a2ucUiFont_Ascii_1206                  0x08005474   Data        1140  ui_font.o(.constdata)
    c_a2ucUiFont_Ascii_1608                  0x080058e8   Data        1520  ui_font.o(.constdata)
    c_a2ucUiFont_Ascii_2412                  0x08005ed8   Data        3420  ui_font.o(.constdata)
    LoopTask_attributes                      0x08006c34   Data          36  main.o(.constdata)
    LedTask_attributes                       0x08006c58   Data          36  main.o(.constdata)
    OledTask_attributes                      0x08006c7c   Data          36  main.o(.constdata)
    ButtonProcessTa_attributes               0x08006ca0   Data          36  main.o(.constdata)
    Dht11Task_attributes                     0x08006cc4   Data          36  main.o(.constdata)
    UartTxTask_attributes                    0x08006ce8   Data          36  main.o(.constdata)
    UartRxTask_attributes                    0x08006d0c   Data          36  main.o(.constdata)
    UartCmdInterpre_attributes               0x08006d30   Data          36  main.o(.constdata)
    AHBPrescTable                            0x08006d66   Data          16  system_stm32f1xx.o(.constdata)
    APBPrescTable                            0x08006d76   Data           8  system_stm32f1xx.o(.constdata)
    Region$$Table$$Base                      0x08006de4   Number         0  anon$$obj.o(Region$$Table)
    Region$$Table$$Limit                     0x08006e04   Number         0  anon$$obj.o(Region$$Table)
    qButtonProcess                           0x20000000   Data           4  button_process_task.o(.data)
    qLedParamSet                             0x20000004   Data           4  led_task.o(.data)
    qUiParamSet                              0x20000008   Data           4  oled_task.o(.data)
    qUartGetCmdLineQueue                     0x2000000c   Data           4  uart_task.o(.data)
    LoopTaskHandle                           0x20000314   Data           4  main.o(.data)
    LedTaskHandle                            0x20000318   Data           4  main.o(.data)
    OledTaskHandle                           0x2000031c   Data           4  main.o(.data)
    ButtonProcessTaHandle                    0x20000320   Data           4  main.o(.data)
    Dht11TaskHandle                          0x20000324   Data           4  main.o(.data)
    UartTxTaskHandle                         0x20000328   Data           4  main.o(.data)
    UartRxTaskHandle                         0x2000032c   Data           4  main.o(.data)
    UartCmdInterpreHandle                    0x20000330   Data           4  main.o(.data)
    uwTick                                   0x20000334   Data           4  stm32f1xx_hal.o(.data)
    uwTickPrio                               0x20000338   Data           4  stm32f1xx_hal.o(.data)
    uwTickFreq                               0x2000033c   Data           1  stm32f1xx_hal.o(.data)
    SystemCoreClock                          0x20000340   Data           4  system_stm32f1xx.o(.data)
    pxCurrentTCB                             0x20000344   Data           4  tasks.o(.data)
    astCmdInterpreterDevice                  0x200005d8   Data          12  cmd_interpreter_device.o(.bss)
    astRingBufferDev                         0x200006dc   Data          48  ring_buffer_device.o(.bss)
    huart1                                   0x20000b44   Data          72  main.o(.bss)
    xQueueRegistry                           0x20000b8c   Data          64  queue.o(.bss)
    __initial_sp                             0x20002960   Data           0  startup_stm32f103xb.o(STACK)



==============================================================================

Memory Map of the image

  Image Entry point : 0x080000ed

  Load Region LR_IROM1 (Base: 0x08000000, Size: 0x000071cc, Max: 0x00010000, ABSOLUTE, COMPRESSED[0x00006f74])

    Execution Region ER_IROM1 (Exec base: 0x08000000, Load base: 0x08000000, Size: 0x00006e04, Max: 0x00010000, ABSOLUTE)

    Exec Addr    Load Addr    Size         Type   Attr      Idx    E Section Name        Object

    0x08000000   0x08000000   0x000000ec   Data   RO         1366    RESET               startup_stm32f103xb.o
    0x080000ec   0x080000ec   0x00000000   Code   RO         4885  * .ARM.Collect$$$$00000000  mc_w.l(entry.o)
    0x080000ec   0x080000ec   0x00000004   Code   RO         4906    .ARM.Collect$$$$00000001  mc_w.l(entry2.o)
    0x080000f0   0x080000f0   0x00000004   Code   RO         4909    .ARM.Collect$$$$00000004  mc_w.l(entry5.o)
    0x080000f4   0x080000f4   0x00000000   Code   RO         4911    .ARM.Collect$$$$00000008  mc_w.l(entry7b.o)
    0x080000f4   0x080000f4   0x00000000   Code   RO         4913    .ARM.Collect$$$$0000000A  mc_w.l(entry8b.o)
    0x080000f4   0x080000f4   0x00000008   Code   RO         4914    .ARM.Collect$$$$0000000B  mc_w.l(entry9a.o)
    0x080000fc   0x080000fc   0x00000000   Code   RO         4916    .ARM.Collect$$$$0000000D  mc_w.l(entry10a.o)
    0x080000fc   0x080000fc   0x00000000   Code   RO         4918    .ARM.Collect$$$$0000000F  mc_w.l(entry11a.o)
    0x080000fc   0x080000fc   0x00000004   Code   RO         4907    .ARM.Collect$$$$00002712  mc_w.l(entry2.o)
    0x08000100   0x08000100   0x00000096   Code   RO         4808    .emb_text           port.o
    0x08000196   0x08000196   0x00000002   PAD
    0x08000198   0x08000198   0x00000024   Code   RO         1367    .text               startup_stm32f103xb.o
    0x080001bc   0x080001bc   0x00000024   Code   RO         4890    .text               mc_w.l(memcpya.o)
    0x080001e0   0x080001e0   0x00000024   Code   RO         4894    .text               mc_w.l(memseta.o)
    0x08000204   0x08000204   0x0000001c   Code   RO         4896    .text               mc_w.l(strcmp.o)
    0x08000220   0x08000220   0x00000044   Code   RO         4898    .text               mc_w.l(strtok.o)
    0x08000264   0x08000264   0x00000024   Code   RO         4920    .text               mc_w.l(init.o)
    0x08000288   0x08000288   0x00000056   Code   RO         4930    .text               mc_w.l(__dczerorl2.o)
    0x080002de   0x080002de   0x00000004   Code   RO         1504    i.BusFault_Handler  stm32f1xx_it.o
    0x080002e2   0x080002e2   0x00000002   PAD
    0x080002e4   0x080002e4   0x00000018   Code   RO          347    i.CmdSendString     cmd_interpreter_operation.o
    0x080002fc   0x080002fc   0x00000002   Code   RO         1505    i.DebugMon_Handler  stm32f1xx_it.o
    0x080002fe   0x080002fe   0x00000006   Code   RO         1374    i.Error_Handler     main.o
    0x08000304   0x08000304   0x00000320   Code   RO         1968    i.HAL_GPIO_Init     stm32f1xx_hal_gpio.o
    0x08000624   0x08000624   0x00000010   Code   RO         1970    i.HAL_GPIO_ReadPin  stm32f1xx_hal_gpio.o
    0x08000634   0x08000634   0x0000000c   Code   RO         1972    i.HAL_GPIO_WritePin  stm32f1xx_hal_gpio.o
    0x08000640   0x08000640   0x0000000c   Code   RO         1657    i.HAL_GetTick       stm32f1xx_hal.o
    0x0800064c   0x0800064c   0x00000018   Code   RO         1663    i.HAL_IncTick       stm32f1xx_hal.o
    0x08000664   0x08000664   0x00000028   Code   RO         1664    i.HAL_Init          stm32f1xx_hal.o
    0x0800068c   0x0800068c   0x0000004c   Code   RO         1665    i.HAL_InitTick      stm32f1xx_hal.o
    0x080006d8   0x080006d8   0x00000060   Code   RO         1574    i.HAL_MspInit       stm32f1xx_hal_msp.o
    0x08000738   0x08000738   0x00000020   Code   RO         2128    i.HAL_NVIC_EnableIRQ  stm32f1xx_hal_cortex.o
    0x08000758   0x08000758   0x0000007c   Code   RO         2134    i.HAL_NVIC_SetPriority  stm32f1xx_hal_cortex.o
    0x080007d4   0x080007d4   0x00000028   Code   RO         2135    i.HAL_NVIC_SetPriorityGrouping  stm32f1xx_hal_cortex.o
    0x080007fc   0x080007fc   0x0000018c   Code   RO         1821    i.HAL_RCC_ClockConfig  stm32f1xx_hal_rcc.o
    0x08000988   0x08000988   0x0000000c   Code   RO         1826    i.HAL_RCC_GetHCLKFreq  stm32f1xx_hal_rcc.o
    0x08000994   0x08000994   0x00000020   Code   RO         1828    i.HAL_RCC_GetPCLK1Freq  stm32f1xx_hal_rcc.o
    0x080009b4   0x080009b4   0x00000020   Code   RO         1829    i.HAL_RCC_GetPCLK2Freq  stm32f1xx_hal_rcc.o
    0x080009d4   0x080009d4   0x00000070   Code   RO         1830    i.HAL_RCC_GetSysClockFreq  stm32f1xx_hal_rcc.o
    0x08000a44   0x08000a44   0x00000464   Code   RO         1833    i.HAL_RCC_OscConfig  stm32f1xx_hal_rcc.o
    0x08000ea8   0x08000ea8   0x00000034   Code   RO         2139    i.HAL_SYSTICK_Config  stm32f1xx_hal_cortex.o
    0x08000edc   0x08000edc   0x00000076   Code   RO         2720    i.HAL_UART_Init     stm32f1xx_hal_uart.o
    0x08000f52   0x08000f52   0x00000002   PAD
    0x08000f54   0x08000f54   0x00000098   Code   RO         1576    i.HAL_UART_MspInit  stm32f1xx_hal_msp.o
    0x08000fec   0x08000fec   0x000000be   Code   RO         2728    i.HAL_UART_Transmit  stm32f1xx_hal_uart.o
    0x080010aa   0x080010aa   0x00000004   Code   RO         1506    i.HardFault_Handler  stm32f1xx_it.o
    0x080010ae   0x080010ae   0x00000002   PAD
    0x080010b0   0x080010b0   0x0000013c   Code   RO         1375    i.MX_GPIO_Init      main.o
    0x080011ec   0x080011ec   0x00000038   Code   RO         1376    i.MX_USART1_UART_Init  main.o
    0x08001224   0x08001224   0x00000004   Code   RO         1507    i.MemManage_Handler  stm32f1xx_it.o
    0x08001228   0x08001228   0x00000004   Code   RO         1508    i.NMI_Handler       stm32f1xx_it.o
    0x0800122c   0x0800122c   0x00000028   Code   RO         1834    i.RCC_Delay         stm32f1xx_hal_rcc.o
    0x08001254   0x08001254   0x00000014   Code   RO         1509    i.SysTick_Handler   stm32f1xx_it.o
    0x08001268   0x08001268   0x00000066   Code   RO         1377    i.SystemClock_Config  main.o
    0x080012ce   0x080012ce   0x00000002   Code   RO         3064    i.SystemInit        system_stm32f1xx.o
    0x080012d0   0x080012d0   0x0000006c   Code   RO         2743    i.UART_EndRxTransfer  stm32f1xx_hal_uart.o
    0x0800133c   0x0800133c   0x000000fc   Code   RO         2747    i.UART_SetConfig    stm32f1xx_hal_uart.o
    0x08001438   0x08001438   0x0000008c   Code   RO         2751    i.UART_WaitOnFlagUntilTimeout  stm32f1xx_hal_uart.o
    0x080014c4   0x080014c4   0x00000008   Code   RO         1510    i.USART1_IRQHandler  stm32f1xx_it.o
    0x080014cc   0x080014cc   0x00000004   Code   RO         1511    i.UsageFault_Handler  stm32f1xx_it.o
    0x080014d0   0x080014d0   0x00000010   Code   RO         2141    i.__NVIC_GetPriorityGrouping  stm32f1xx_hal_cortex.o
    0x080014e0   0x080014e0   0x00000028   Code   RO         2142    i.__NVIC_SetPriority  stm32f1xx_hal_cortex.o
    0x08001508   0x08001508   0x00000006   Code   RO         4233    i.__get_IPSR        cmsis_os2.o
    0x0800150e   0x0800150e   0x0000000e   Code   RO         4924    i.__scatterload_copy  mc_w.l(handlers.o)
    0x0800151c   0x0800151c   0x00000002   Code   RO         4925    i.__scatterload_null  mc_w.l(handlers.o)
    0x0800151e   0x0800151e   0x0000000e   Code   RO         4926    i.__scatterload_zeroinit  mc_w.l(handlers.o)
    0x0800152c   0x0800152c   0x00000014   Code   RO          762    i.c_pstDht11GetRunningParam  dht11_device.o
    0x08001540   0x08001540   0x00000014   Code   RO          861    i.c_pstGetLedRunningParam  led_device.o
    0x08001554   0x08001554   0x00000014   Code   RO         1010    i.c_pstRingBufferGetRunningParam  ring_buffer_device.o
    0x08001568   0x08001568   0x00000014   Code   RO         1011    i.c_pstRingBufferGetStaticParam  ring_buffer_device.o
    0x0800157c   0x0800157c   0x00000008   Code   RO         1239    i.c_pucUiGetFrameBuffer  ui_core.o
    0x08001584   0x08001584   0x00000050   Code   RO          648    i.emButtonDeviceInit  button_device.o
    0x080015d4   0x080015d4   0x0000002c   Code   RO          649    i.emButtonGetEvent  button_device.o
    0x08001600   0x08001600   0x00000012   Code   RO          720    i.emCmdInterpreterDevInit  cmd_interpreter_device.o
    0x08001612   0x08001612   0x00000002   PAD
    0x08001614   0x08001614   0x000000f8   Code   RO          721    i.emCmdInterpreterExecute  cmd_interpreter_device.o
    0x0800170c   0x0800170c   0x00000012   Code   RO          764    i.emDht11DevInit    dht11_device.o
    0x0800171e   0x0800171e   0x00000012   Code   RO          862    i.emLedDeviceInit   led_device.o
    0x08001730   0x08001730   0x00000028   Code   RO         1012    i.emRingBufferDevInit  ring_buffer_device.o
    0x08001758   0x08001758   0x000000c4   Code   RO         1013    i.emRingBufferReadSingleElement  ring_buffer_device.o
    0x0800181c   0x0800181c   0x000000c4   Code   RO         1014    i.emRingBufferWriteSingleElement  ring_buffer_device.o
    0x080018e0   0x080018e0   0x000000ec   Code   RO         1378    i.main              main.o
    0x080019cc   0x080019cc   0x0000001e   Code   RO         4234    i.osDelay           cmsis_os2.o
    0x080019ea   0x080019ea   0x00000002   PAD
    0x080019ec   0x080019ec   0x0000002c   Code   RO         4248    i.osKernelInitialize  cmsis_os2.o
    0x08001a18   0x08001a18   0x00000060   Code   RO         4251    i.osKernelStart     cmsis_os2.o
    0x08001a78   0x08001a78   0x000000b8   Code   RO         4293    i.osThreadNew       cmsis_os2.o
    0x08001b30   0x08001b30   0x0000007c   Code   RO         3672    i.prvAddCurrentTaskToDelayedList  tasks.o
    0x08001bac   0x08001bac   0x000000b8   Code   RO         3673    i.prvAddNewTaskToReadyList  tasks.o
    0x08001c64   0x08001c64   0x00000074   Code   RO         4048    i.prvCheckForValidListAndQueue  timers.o
    0x08001cd8   0x08001cd8   0x00000048   Code   RO         3674    i.prvCheckTasksWaitingTermination  tasks.o
    0x08001d20   0x08001d20   0x0000002a   Code   RO         3268    i.prvCopyDataFromQueue  queue.o
    0x08001d4a   0x08001d4a   0x0000007e   Code   RO         3269    i.prvCopyDataToQueue  queue.o
    0x08001dc8   0x08001dc8   0x00000050   Code   RO         3675    i.prvDeleteTCB      tasks.o
    0x08001e18   0x08001e18   0x00000028   Code   RO         4049    i.prvGetNextExpireTime  timers.o
    0x08001e40   0x08001e40   0x0000007c   Code   RO         4753    i.prvHeapInit       heap_4.o
    0x08001ebc   0x08001ebc   0x00000028   Code   RO         3676    i.prvIdleTask       tasks.o
    0x08001ee4   0x08001ee4   0x0000002a   Code   RO         3272    i.prvInitialiseNewQueue  queue.o
    0x08001f0e   0x08001f0e   0x000000be   Code   RO         3677    i.prvInitialiseNewTask  tasks.o
    0x08001fcc   0x08001fcc   0x00000068   Code   RO         3678    i.prvInitialiseTaskLists  tasks.o
    0x08002034   0x08002034   0x00000068   Code   RO         4754    i.prvInsertBlockIntoFreeList  heap_4.o
    0x0800209c   0x0800209c   0x00000058   Code   RO         4051    i.prvInsertTimerInActiveList  timers.o
    0x080020f4   0x080020f4   0x0000001a   Code   RO         3273    i.prvIsQueueEmpty   queue.o
    0x0800210e   0x0800210e   0x0000001e   Code   RO         3274    i.prvIsQueueFull    queue.o
    0x0800212c   0x0800212c   0x00000074   Code   RO         4052    i.prvProcessExpiredTimer  timers.o
    0x080021a0   0x080021a0   0x00000164   Code   RO         4053    i.prvProcessReceivedCommands  timers.o
    0x08002304   0x08002304   0x00000074   Code   RO         4054    i.prvProcessTimerOrBlockTask  timers.o
    0x08002378   0x08002378   0x00000034   Code   RO         3680    i.prvResetNextTaskUnblockTime  tasks.o
    0x080023ac   0x080023ac   0x0000002c   Code   RO         4055    i.prvSampleTimeNow  timers.o
    0x080023d8   0x080023d8   0x000000a4   Code   RO         4056    i.prvSwitchTimerLists  timers.o
    0x0800247c   0x0800247c   0x00000040   Code   RO         4809    i.prvTaskExitError  port.o
    0x080024bc   0x080024bc   0x0000001a   Code   RO         4057    i.prvTimerTask      timers.o
    0x080024d6   0x080024d6   0x0000007e   Code   RO         3275    i.prvUnlockQueue    queue.o
    0x08002554   0x08002554   0x00000008   Code   RO         1186    i.pstGetDht11Frame  ui_frame_dht11.o
    0x0800255c   0x0800255c   0x00000008   Code   RO         1109    i.pstGetLedCtrlFrame  ui_frame_led_ctrl.o
    0x08002564   0x08002564   0x00000008   Code   RO         1062    i.pstGetMainFrame   ui_frame_main.o
    0x0800256c   0x0800256c   0x0000014c   Code   RO         4755    i.pvPortMalloc      heap_4.o
    0x080026b8   0x080026b8   0x00000024   Code   RO         4810    i.pxPortInitialiseStack  port.o
    0x080026dc   0x080026dc   0x00000080   Code   RO          428    i.sGetAverageWithoutMaxAndMin  dht11_operation.o
    0x0800275c   0x0800275c   0x00000024   Code   RO          651    i.s_ucReadButtonRawLevel  button_device.o
    0x08002780   0x08002780   0x00000018   Code   RO          652    i.s_vButtonStaticParamCopy  button_device.o
    0x08002798   0x08002798   0x00000018   Code   RO          722    i.s_vCmdInterpreterStaticParamCopy  cmd_interpreter_device.o
    0x080027b0   0x080027b0   0x00000016   Code   RO          765    i.s_vDelayUs        dht11_device.o
    0x080027c6   0x080027c6   0x00000002   PAD
    0x080027c8   0x080027c8   0x0000001c   Code   RO         1187    i.s_vDht11FrameButtonEnterExecute  ui_frame_dht11.o
    0x080027e4   0x080027e4   0x00000034   Code   RO         1188    i.s_vDht11FrameCallback  ui_frame_dht11.o
    0x08002818   0x08002818   0x00000018   Code   RO          766    i.s_vDht11InitParamCopy  dht11_device.o
    0x08002830   0x08002830   0x00000030   Code   RO         1110    i.s_vLedCtrlFrameButtonCancelExecute  ui_frame_led_ctrl.o
    0x08002860   0x08002860   0x00000034   Code   RO         1111    i.s_vLedCtrlFrameButtonDownExecute  ui_frame_led_ctrl.o
    0x08002894   0x08002894   0x00000044   Code   RO         1112    i.s_vLedCtrlFrameButtonEnterExecute  ui_frame_led_ctrl.o
    0x080028d8   0x080028d8   0x00000034   Code   RO         1113    i.s_vLedCtrlFrameButtonUpExecute  ui_frame_led_ctrl.o
    0x0800290c   0x0800290c   0x00000068   Code   RO         1114    i.s_vLedCtrlFrameCallback  ui_frame_led_ctrl.o
    0x08002974   0x08002974   0x00000018   Code   RO          863    i.s_vLedStaticParamCopy  led_device.o
    0x0800298c   0x0800298c   0x00000038   Code   RO         1063    i.s_vMainFrameButtonEnterExecute  ui_frame_main.o
    0x080029c4   0x080029c4   0x00000050   Code   RO         1064    i.s_vMainFrameCallback  ui_frame_main.o
    0x08002a14   0x08002a14   0x000000ac   Code   RO          923    i.s_vOledIicSendByte  oled_device.o
    0x08002ac0   0x08002ac0   0x00000078   Code   RO          924    i.s_vOledIicStart   oled_device.o
    0x08002b38   0x08002b38   0x0000005c   Code   RO          925    i.s_vOledIicStop    oled_device.o
    0x08002b94   0x08002b94   0x00000040   Code   RO          926    i.s_vOledIicWaitAck  oled_device.o
    0x08002bd4   0x08002bd4   0x00000018   Code   RO          927    i.s_vOledStaticParamInit  oled_device.o
    0x08002bec   0x08002bec   0x0000003e   Code   RO          928    i.s_vOledWriteOneByteCmd  oled_device.o
    0x08002c2a   0x08002c2a   0x0000003e   Code   RO          929    i.s_vOledWriteOneByteData  oled_device.o
    0x08002c68   0x08002c68   0x0000003c   Code   RO         1015    i.s_vRingBufferRunningParamInit  ring_buffer_device.o
    0x08002ca4   0x08002ca4   0x00000018   Code   RO         1016    i.s_vRingBufferStaticParamCopy  ring_buffer_device.o
    0x08002cbc   0x08002cbc   0x00000028   Code   RO         1241    i.s_vUiClearOnePointToBuffer  ui_core.o
    0x08002ce4   0x08002ce4   0x00000028   Code   RO         1242    i.s_vUiDrawOnePointToBuffer  ui_core.o
    0x08002d0c   0x08002d0c   0x000000fc   Code   RO         1243    i.s_vUiWriteOneCharToBuffer  ui_core.o
    0x08002e08   0x08002e08   0x00000048   Code   RO         1244    i.s_vUiWriteStringToBuffer  ui_core.o
    0x08002e50   0x08002e50   0x00000016   Code   RO         1245    i.s_vUpdateFrameToFrameBuffer  ui_core.o
    0x08002e66   0x08002e66   0x0000007c   Code   RO         1246    i.s_vUpdateMenuBoxToFrameBuffer  ui_core.o
    0x08002ee2   0x08002ee2   0x00000018   Code   RO         1247    i.s_vUpdateTextBoxToFrameBuffer  ui_core.o
    0x08002efa   0x08002efa   0x0000002e   Code   RO         1248    i.s_vUpdateWidgetToFrameBuffer  ui_core.o
    0x08002f28   0x08002f28   0x0000008c   Code   RO          767    i.ucDht11ReadBit    dht11_device.o
    0x08002fb4   0x08002fb4   0x000000d8   Code   RO          768    i.ucDht11ReadData   dht11_device.o
    0x0800308c   0x0800308c   0x000000b4   Code   RO          769    i.ucDht11WaitForAck  dht11_device.o
    0x08003140   0x08003140   0x00000038   Code   RO          653    i.ulButtonGetEvents  button_device.o
    0x08003178   0x08003178   0x00000022   Code   RO          348    i.ulStringToUint32  cmd_interpreter_operation.o
    0x0800319a   0x0800319a   0x00000028   Code   RO         3228    i.uxListRemove      list.o
    0x080031c2   0x080031c2   0x00000002   PAD
    0x080031c4   0x080031c4   0x00000018   Code   RO         4305    i.vApplicationGetIdleTaskMemory  cmsis_os2.o
    0x080031dc   0x080031dc   0x00000018   Code   RO         4306    i.vApplicationGetTimerTaskMemory  cmsis_os2.o
    0x080031f4   0x080031f4   0x00000088   Code   RO          303    i.vButtonInit       button_operation.o
    0x0800327c   0x0800327c   0x00000044   Code   RO            1    i.vButtonProcessTask  button_process_task.o
    0x080032c0   0x080032c0   0x00000078   Code   RO          654    i.vButtonRefreshStatus  button_device.o
    0x08003338   0x08003338   0x00000024   Code   RO          304    i.vButtonScan       button_operation.o
    0x0800335c   0x0800335c   0x00000014   Code   RO          305    i.vButtonValueProcess  button_operation.o
    0x08003370   0x08003370   0x00000020   Code   RO         1249    i.vClearFrameBuffer  ui_core.o
    0x08003390   0x08003390   0x00000064   Code   RO          349    i.vCmdInterpreterExecuteCallback_LedBlink_ParamNum2  cmd_interpreter_operation.o
    0x080033f4   0x080033f4   0x00000064   Code   RO          350    i.vCmdInterpreterExecuteCallback_LedBlink_ParamNum3  cmd_interpreter_operation.o
    0x08003458   0x08003458   0x00000050   Code   RO          351    i.vCmdInterpreterExecuteCallback_LedOff  cmd_interpreter_operation.o
    0x080034a8   0x080034a8   0x00000050   Code   RO          352    i.vCmdInterpreterExecuteCallback_LedOn  cmd_interpreter_operation.o
    0x080034f8   0x080034f8   0x00000064   Code   RO          353    i.vCmdInterpreterExecuteCallback_LedToggle  cmd_interpreter_operation.o
    0x0800355c   0x0800355c   0x00000018   Code   RO          354    i.vCmdInterpreterInit  cmd_interpreter_operation.o
    0x08003574   0x08003574   0x0000000e   Code   RO          355    i.vCmdInterpreterOperationExecute  cmd_interpreter_operation.o
    0x08003582   0x08003582   0x00000002   PAD
    0x08003584   0x08003584   0x00000044   Code   RO         1189    i.vDht11FrameInit   ui_frame_dht11.o
    0x080035c8   0x080035c8   0x00000064   Code   RO         1190    i.vDht11FrameUpdateHumidityValue  ui_frame_dht11.o
    0x0800362c   0x0800362c   0x00000064   Code   RO         1191    i.vDht11FrameUpdateTemperatureValue  ui_frame_dht11.o
    0x08003690   0x08003690   0x00000018   Code   RO          429    i.vDht11Init        dht11_operation.o
    0x080036a8   0x080036a8   0x000000b8   Code   RO          430    i.vDht11RefreshData  dht11_operation.o
    0x08003760   0x08003760   0x00000034   Code   RO          770    i.vDht11SetPinDirInput  dht11_device.o
    0x08003794   0x08003794   0x00000030   Code   RO          771    i.vDht11SetPinDirOutput  dht11_device.o
    0x080037c4   0x080037c4   0x00000024   Code   RO          772    i.vDht11Start       dht11_device.o
    0x080037e8   0x080037e8   0x00000012   Code   RO           64    i.vDht11Task        dht11_task.o
    0x080037fa   0x080037fa   0x00000002   PAD
    0x080037fc   0x080037fc   0x00000028   Code   RO          773    i.vDht11WritePinHigh  dht11_device.o
    0x08003824   0x08003824   0x00000028   Code   RO          774    i.vDht11WritePinLow  dht11_device.o
    0x0800384c   0x0800384c   0x00000044   Code   RO         1115    i.vLedCtrlFrameInit  ui_frame_led_ctrl.o
    0x08003890   0x08003890   0x00000038   Code   RO         1116    i.vLedCtrlRequestLedOff  ui_frame_led_ctrl.o
    0x080038c8   0x080038c8   0x00000038   Code   RO         1117    i.vLedCtrlRequestLedOn  ui_frame_led_ctrl.o
    0x08003900   0x08003900   0x000000b0   Code   RO          864    i.vLedExecute       led_device.o
    0x080039b0   0x080039b0   0x000001fc   Code   RO          493    i.vLedInit          led_operation.o
    0x08003bac   0x08003bac   0x00000016   Code   RO          494    i.vLedOperationExecute  led_operation.o
    0x08003bc2   0x08003bc2   0x0000000e   Code   RO          495    i.vLedOperationParamUpdate  led_operation.o
    0x08003bd0   0x08003bd0   0x00000048   Code   RO          865    i.vLedRefreshOutputLevel  led_device.o
    0x08003c18   0x08003c18   0x00000074   Code   RO          866    i.vLedSetRunningParam  led_device.o
    0x08003c8c   0x08003c8c   0x0000003c   Code   RO          179    i.vLedTask          led_task.o
    0x08003cc8   0x08003cc8   0x0000001a   Code   RO         3229    i.vListInitialise   list.o
    0x08003ce2   0x08003ce2   0x00000006   Code   RO         3230    i.vListInitialiseItem  list.o
    0x08003ce8   0x08003ce8   0x00000034   Code   RO         3231    i.vListInsert       list.o
    0x08003d1c   0x08003d1c   0x00000018   Code   RO         3232    i.vListInsertEnd    list.o
    0x08003d34   0x08003d34   0x00000012   Code   RO          215    i.vLoopTask         loop_task.o
    0x08003d46   0x08003d46   0x00000002   PAD
    0x08003d48   0x08003d48   0x00000020   Code   RO         1065    i.vMainFrameInit    ui_frame_main.o
    0x08003d68   0x08003d68   0x000000e6   Code   RO          930    i.vOledCmdInit      oled_device.o
    0x08003e4e   0x08003e4e   0x00000016   Code   RO          931    i.vOledDeviceInit   oled_device.o
    0x08003e64   0x08003e64   0x00000014   Code   RO          530    i.vOledExecuteCurrentFrameCallback  oled_operation.o
    0x08003e78   0x08003e78   0x00000024   Code   RO          531    i.vOledInit         oled_operation.o
    0x08003e9c   0x08003e9c   0x0000001c   Code   RO          532    i.vOledRefreshCurrentFrame  oled_operation.o
    0x08003eb8   0x08003eb8   0x00000054   Code   RO          934    i.vOledRefreshFromBuffer  oled_device.o
    0x08003f0c   0x08003f0c   0x00000044   Code   RO          230    i.vOledTask         oled_task.o
    0x08003f50   0x08003f50   0x00000054   Code   RO         4812    i.vPortEnterCritical  port.o
    0x08003fa4   0x08003fa4   0x0000003c   Code   RO         4813    i.vPortExitCritical  port.o
    0x08003fe0   0x08003fe0   0x000000a4   Code   RO         4756    i.vPortFree         heap_4.o
    0x08004084   0x08004084   0x00000028   Code   RO         4814    i.vPortSetupTimerInterrupt  port.o
    0x080040ac   0x080040ac   0x00000078   Code   RO         4815    i.vPortValidateInterruptPriority  port.o
    0x08004124   0x08004124   0x0000002c   Code   RO         3281    i.vQueueAddToRegistry  queue.o
    0x08004150   0x08004150   0x0000004a   Code   RO         3285    i.vQueueWaitForMessageRestricted  queue.o
    0x0800419a   0x0800419a   0x00000002   PAD
    0x0800419c   0x0800419c   0x0000005c   Code   RO         3693    i.vTaskDelay        tasks.o
    0x080041f8   0x080041f8   0x00000018   Code   RO         3698    i.vTaskInternalSetTimeOutState  tasks.o
    0x08004210   0x08004210   0x0000000c   Code   RO         3699    i.vTaskMissedYield  tasks.o
    0x0800421c   0x0800421c   0x00000038   Code   RO         3701    i.vTaskPlaceOnEventList  tasks.o
    0x08004254   0x08004254   0x00000040   Code   RO         3702    i.vTaskPlaceOnEventListRestricted  tasks.o
    0x08004294   0x08004294   0x000000b8   Code   RO         3710    i.vTaskStartScheduler  tasks.o
    0x0800434c   0x0800434c   0x00000010   Code   RO         3712    i.vTaskSuspendAll   tasks.o
    0x0800435c   0x0800435c   0x00000090   Code   RO         3713    i.vTaskSwitchContext  tasks.o
    0x080043ec   0x080043ec   0x00000038   Code   RO          596    i.vUart1InterruptCallback  uart_operation.o
    0x08004424   0x08004424   0x00000028   Code   RO          264    i.vUartCmdInterpreterTask  uart_task.o
    0x0800444c   0x0800444c   0x0000007c   Code   RO          597    i.vUartGetCmdLine   uart_operation.o
    0x080044c8   0x080044c8   0x00000048   Code   RO          598    i.vUartInit         uart_operation.o
    0x08004510   0x08004510   0x00000024   Code   RO          265    i.vUartRxTask       uart_task.o
    0x08004534   0x08004534   0x00000030   Code   RO          599    i.vUartSendAllBufferData  uart_operation.o
    0x08004564   0x08004564   0x0000000e   Code   RO          266    i.vUartTxTask       uart_task.o
    0x08004572   0x08004572   0x00000020   Code   RO         1251    i.vUiAddOneWidgetToFrameAsTailWidgetNode  ui_core.o
    0x08004592   0x08004592   0x0000000c   Code   RO          533    i.vUiClearFrame     oled_operation.o
    0x0800459e   0x0800459e   0x00000016   Code   RO         1252    i.vUiFrameCallbackExecute  ui_core.o
    0x080045b4   0x080045b4   0x0000003c   Code   RO          534    i.vUiInit           oled_operation.o
    0x080045f0   0x080045f0   0x00000032   Code   RO         1253    i.vUiMenuBoxExecuteSelectDec  ui_core.o
    0x08004622   0x08004622   0x0000003e   Code   RO         1254    i.vUiMenuBoxExecuteSelectInc  ui_core.o
    0x08004660   0x08004660   0x0000000c   Code   RO          535    i.vUiSetCurrentFrame  oled_operation.o
    0x0800466c   0x0800466c   0x00000012   Code   RO         1257    i.vUpdateUiObjectToFrameBuffer  ui_core.o
    0x0800467e   0x0800467e   0x00000002   PAD
    0x08004680   0x08004680   0x000000f8   Code   RO         4816    i.xPortStartScheduler  port.o
    0x08004778   0x08004778   0x00000034   Code   RO         4817    i.xPortSysTickHandler  port.o
    0x080047ac   0x080047ac   0x0000005a   Code   RO         3290    i.xQueueGenericCreate  queue.o
    0x08004806   0x08004806   0x000000e0   Code   RO         3291    i.xQueueGenericCreateStatic  queue.o
    0x080048e6   0x080048e6   0x00000002   PAD
    0x080048e8   0x080048e8   0x00000098   Code   RO         3292    i.xQueueGenericReset  queue.o
    0x08004980   0x08004980   0x000001a8   Code   RO         3293    i.xQueueGenericSend  queue.o
    0x08004b28   0x08004b28   0x000000fc   Code   RO         3294    i.xQueueGenericSendFromISR  queue.o
    0x08004c24   0x08004c24   0x00000168   Code   RO         3303    i.xQueueReceive     queue.o
    0x08004d8c   0x08004d8c   0x0000008c   Code   RO         3715    i.xTaskCheckForTimeOut  tasks.o
    0x08004e18   0x08004e18   0x00000064   Code   RO         3716    i.xTaskCreate       tasks.o
    0x08004e7c   0x08004e7c   0x000000ba   Code   RO         3717    i.xTaskCreateStatic  tasks.o
    0x08004f36   0x08004f36   0x00000002   PAD
    0x08004f38   0x08004f38   0x00000020   Code   RO         3721    i.xTaskGetSchedulerState  tasks.o
    0x08004f58   0x08004f58   0x0000000c   Code   RO         3722    i.xTaskGetTickCount  tasks.o
    0x08004f64   0x08004f64   0x00000144   Code   RO         3724    i.xTaskIncrementTick  tasks.o
    0x080050a8   0x080050a8   0x000000a4   Code   RO         3727    i.xTaskPriorityDisinherit  tasks.o
    0x0800514c   0x0800514c   0x00000098   Code   RO         3729    i.xTaskRemoveFromEventList  tasks.o
    0x080051e4   0x080051e4   0x00000104   Code   RO         3730    i.xTaskResumeAll    tasks.o
    0x080052e8   0x080052e8   0x00000078   Code   RO         4066    i.xTimerCreateTimerTask  timers.o
    0x08005360   0x08005360   0x00000084   Code   RO         4067    i.xTimerGenericCommand  timers.o
    0x080053e4   0x080053e4   0x00000090   Data   RO          357    .constdata          cmd_interpreter_operation.o
    0x08005474   0x08005474   0x000017c0   Data   RO         1352    .constdata          ui_font.o
    0x08006c34   0x08006c34   0x00000120   Data   RO         1388    .constdata          main.o
    0x08006d54   0x08006d54   0x00000012   Data   RO         1835    .constdata          stm32f1xx_hal_rcc.o
    0x08006d66   0x08006d66   0x00000018   Data   RO         3065    .constdata          system_stm32f1xx.o
    0x08006d7e   0x08006d7e   0x00000002   PAD
    0x08006d80   0x08006d80   0x00000063   Data   RO         1389    .conststring        main.o
    0x08006de3   0x08006de3   0x00000001   PAD
    0x08006de4   0x08006de4   0x00000020   Data   RO         4922    Region$$Table       anon$$obj.o


    Execution Region RW_IRAM1 (Exec base: 0x20000000, Load base: 0x08006e04, Size: 0x00002960, Max: 0x00005000, ABSOLUTE, COMPRESSED[0x00000170])

    Exec Addr    Load Addr    Size         Type   Attr      Idx    E Section Name        Object

    0x20000000   COMPRESSED   0x00000004   Data   RW            2    .data               button_process_task.o
    0x20000004   COMPRESSED   0x00000004   Data   RW          180    .data               led_task.o
    0x20000008   COMPRESSED   0x00000004   Data   RW          231    .data               oled_task.o
    0x2000000c   COMPRESSED   0x00000004   Data   RW          267    .data               uart_task.o
    0x20000010   COMPRESSED   0x00000008   Data   RW          306    .data               button_operation.o
    0x20000018   COMPRESSED   0x00000001   Data   RW          432    .data               dht11_operation.o
    0x20000019   COMPRESSED   0x00000003   PAD
    0x2000001c   COMPRESSED   0x00000008   Data   RW          537    .data               oled_operation.o
    0x20000024   COMPRESSED   0x00000001   Data   RW          601    .data               uart_operation.o
    0x20000025   COMPRESSED   0x00000003   PAD
    0x20000028   COMPRESSED   0x000001cc   Data   RW         1067    .data               ui_frame_main.o
    0x200001f4   COMPRESSED   0x00000082   Data   RW         1119    .data               ui_frame_led_ctrl.o
    0x20000276   COMPRESSED   0x00000002   PAD
    0x20000278   COMPRESSED   0x0000009c   Data   RW         1193    .data               ui_frame_dht11.o
    0x20000314   COMPRESSED   0x00000020   Data   RW         1390    .data               main.o
    0x20000334   COMPRESSED   0x00000009   Data   RW         1671    .data               stm32f1xx_hal.o
    0x2000033d   COMPRESSED   0x00000003   PAD
    0x20000340   COMPRESSED   0x00000004   Data   RW         3066    .data               system_stm32f1xx.o
    0x20000344   COMPRESSED   0x0000003c   Data   RW         3733    .data               tasks.o
    0x20000380   COMPRESSED   0x00000014   Data   RW         4075    .data               timers.o
    0x20000394   COMPRESSED   0x00000004   Data   RW         4308    .data               cmsis_os2.o
    0x20000398   COMPRESSED   0x00000020   Data   RW         4762    .data               heap_4.o
    0x200003b8   COMPRESSED   0x0000000c   Data   RW         4818    .data               port.o
    0x200003c4   COMPRESSED   0x00000004   Data   RW         4899    .data               mc_w.l(strtok.o)
    0x200003c8        -       0x00000014   Zero   RW          356    .bss                cmd_interpreter_operation.o
    0x200003dc        -       0x000000a4   Zero   RW          431    .bss                dht11_operation.o
    0x20000480        -       0x0000000c   Zero   RW          536    .bss                oled_operation.o
    0x2000048c        -       0x000000fa   Zero   RW          600    .bss                uart_operation.o
    0x20000586   COMPRESSED   0x00000002   PAD
    0x20000588        -       0x00000050   Zero   RW          656    .bss                button_device.o
    0x200005d8        -       0x0000000c   Zero   RW          723    .bss                cmd_interpreter_device.o
    0x200005e4        -       0x0000000c   Zero   RW          775    .bss                dht11_device.o
    0x200005f0        -       0x000000d8   Zero   RW          868    .bss                led_device.o
    0x200006c8        -       0x00000014   Zero   RW          935    .bss                oled_device.o
    0x200006dc        -       0x00000030   Zero   RW         1017    .bss                ring_buffer_device.o
    0x2000070c        -       0x0000000c   Zero   RW         1066    .bss                ui_frame_main.o
    0x20000718        -       0x00000020   Zero   RW         1118    .bss                ui_frame_led_ctrl.o
    0x20000738        -       0x0000000c   Zero   RW         1192    .bss                ui_frame_dht11.o
    0x20000744        -       0x00000400   Zero   RW         1258    .bss                ui_core.o
    0x20000b44        -       0x00000048   Zero   RW         1387    .bss                main.o
    0x20000b8c        -       0x00000040   Zero   RW         3307    .bss                queue.o
    0x20000bcc        -       0x000004c4   Zero   RW         3732    .bss                tasks.o
    0x20001090        -       0x00000118   Zero   RW         4074    .bss                timers.o
    0x200011a8        -       0x000003b8   Zero   RW         4307    .bss                cmsis_os2.o
    0x20001560        -       0x00001000   Zero   RW         4761    .bss                heap_4.o
    0x20002560        -       0x00000400   Zero   RW         1364    STACK               startup_stm32f103xb.o


==============================================================================

Image component sizes


      Code (inc. data)   RO Data    RW Data    ZI Data      Debug   Object Name

       360         26          0          0         80       5687   button_device.o
       192         22          0          8          0       2918   button_operation.o
        68          6          0          4          0      14970   button_process_task.o
       290         12          0          0         12       4078   cmd_interpreter_device.o
       556         98        144          0         20       8140   cmd_interpreter_operation.o
       408         40          0          4        952      54377   cmsis_os2.o
       836         46          0          0         12       8830   dht11_device.o
       336         14          0          1        164       5123   dht11_operation.o
        18          0          0          0          0     394029   dht11_task.o
         0          0          0          0          0      19664   event_groups.o
       724         74          0         32       4096       4811   heap_4.o
       426         20          0          0        216       4001   led_device.o
       544         14          0          0          0       2488   led_operation.o
        60          6          0          4          0       2930   led_task.o
       148          0          0          0          0       3466   list.o
        18          0          0          0          0        444   loop_task.o
       716        124        387         32         72       7961   main.o
       932         26          0          0         20       6274   oled_device.o
       168         32          0          8         12       5653   oled_operation.o
        68          4          0          4          0       2170   oled_task.o
       854         78          0         12          0      11013   port.o
      2012         20          0          0         64      18126   queue.o
       556         28          0          0         48       5051   ring_buffer_device.o
        36          8        236          0       1024        780   startup_stm32f103xb.o
       152         32          0          9          0       5341   stm32f1xx_hal.o
       304         22          0          0          0      29475   stm32f1xx_hal_cortex.o
       828         34          0          0          0       3351   stm32f1xx_hal_gpio.o
       248         24          0          0          0       1629   stm32f1xx_hal_msp.o
      1748         98         18          0          0       6040   stm32f1xx_hal_rcc.o
       808          4          0          0          0       4432   stm32f1xx_hal_uart.o
        50          0          0          0          0       3619   stm32f1xx_it.o
         2          0         24          4          0       1143   system_stm32f1xx.o
      2808        346          0         60       1220      26874   tasks.o
      1318        124          0         20        280      30351   timers.o
       300         36          0          1        250       4563   uart_operation.o
        90          8          0          4          0       2149   uart_task.o
       844         34          0          0       1024       9620   ui_core.o
         0          0       6080          0          0        750   ui_font.o
       356         44          0        156         12       4672   ui_frame_dht11.o
       512        110          0        130         32       7743   ui_frame_led_ctrl.o
       176         32          0        460         12       5133   ui_frame_main.o

    ----------------------------------------------------------------------
     20900       1646       6924        964       9624     739869   Object Totals
         0          0         32          0          0          0   (incl. Generated)
        30          0          3         11          2          0   (incl. Padding)

    ----------------------------------------------------------------------

      Code (inc. data)   RO Data    RW Data    ZI Data      Debug   Library Member Name

        86          0          0          0          0          0   __dczerorl2.o
         0          0          0          0          0          0   entry.o
         0          0          0          0          0          0   entry10a.o
         0          0          0          0          0          0   entry11a.o
         8          4          0          0          0          0   entry2.o
         4          0          0          0          0          0   entry5.o
         0          0          0          0          0          0   entry7b.o
         0          0          0          0          0          0   entry8b.o
         8          4          0          0          0          0   entry9a.o
        30          0          0          0          0          0   handlers.o
        36          8          0          0          0         68   init.o
        36          0          0          0          0         68   memcpya.o
        36          0          0          0          0        108   memseta.o
        28          0          0          0          0         76   strcmp.o
        68          6          0          4          0         80   strtok.o

    ----------------------------------------------------------------------
       340         22          0          4          0        400   Library Totals
         0          0          0          0          0          0   (incl. Padding)

    ----------------------------------------------------------------------

      Code (inc. data)   RO Data    RW Data    ZI Data      Debug   Library Name

       340         22          0          4          0        400   mc_w.l

    ----------------------------------------------------------------------
       340         22          0          4          0        400   Library Totals

    ----------------------------------------------------------------------

==============================================================================


      Code (inc. data)   RO Data    RW Data    ZI Data      Debug   

     21240       1668       6924        968       9624     728645   Grand Totals
     21240       1668       6924        368       9624     728645   ELF Image Totals (compressed)
     21240       1668       6924        368          0          0   ROM Totals

==============================================================================

    Total RO  Size (Code + RO Data)                28164 (  27.50kB)
    Total RW  Size (RW Data + ZI Data)             10592 (  10.34kB)
    Total ROM Size (Code + RO Data + RW Data)      28532 (  27.86kB)

==============================================================================

